Archive member included to satisfy reference by file (symbol)

c:/program files (x86)/gnu arm embedded toolchain/10 2021.10/bin/../lib/gcc/arm-none-eabi/10.3.1/../../../../arm-none-eabi/lib/thumb/v6-m/nofp\libc_nano.a(lib_a-exit.o)
                              c:/program files (x86)/gnu arm embedded toolchain/10 2021.10/bin/../lib/gcc/arm-none-eabi/10.3.1/../../../../arm-none-eabi/lib/thumb/v6-m/nofp/rdimon-crt0.o (exit)
c:/program files (x86)/gnu arm embedded toolchain/10 2021.10/bin/../lib/gcc/arm-none-eabi/10.3.1/../../../../arm-none-eabi/lib/thumb/v6-m/nofp\libc_nano.a(lib_a-impure.o)
                              c:/program files (x86)/gnu arm embedded toolchain/10 2021.10/bin/../lib/gcc/arm-none-eabi/10.3.1/../../../../arm-none-eabi/lib/thumb/v6-m/nofp\libc_nano.a(lib_a-exit.o) (_global_impure_ptr)
c:/program files (x86)/gnu arm embedded toolchain/10 2021.10/bin/../lib/gcc/arm-none-eabi/10.3.1/../../../../arm-none-eabi/lib/thumb/v6-m/nofp\libc_nano.a(lib_a-init.o)
                              c:/program files (x86)/gnu arm embedded toolchain/10 2021.10/bin/../lib/gcc/arm-none-eabi/10.3.1/../../../../arm-none-eabi/lib/thumb/v6-m/nofp/rdimon-crt0.o (__libc_init_array)
c:/program files (x86)/gnu arm embedded toolchain/10 2021.10/bin/../lib/gcc/arm-none-eabi/10.3.1/../../../../arm-none-eabi/lib/thumb/v6-m/nofp\libc_nano.a(lib_a-memset.o)
                              c:/program files (x86)/gnu arm embedded toolchain/10 2021.10/bin/../lib/gcc/arm-none-eabi/10.3.1/../../../../arm-none-eabi/lib/thumb/v6-m/nofp/rdimon-crt0.o (memset)
c:/program files (x86)/gnu arm embedded toolchain/10 2021.10/bin/../lib/gcc/arm-none-eabi/10.3.1/../../../../arm-none-eabi/lib/thumb/v6-m/nofp\libnosys.a(_exit.o)
                              c:/program files (x86)/gnu arm embedded toolchain/10 2021.10/bin/../lib/gcc/arm-none-eabi/10.3.1/../../../../arm-none-eabi/lib/thumb/v6-m/nofp\libc_nano.a(lib_a-exit.o) (_exit)
c:/program files (x86)/gnu arm embedded toolchain/10 2021.10/bin/../lib/gcc/arm-none-eabi/10.3.1/thumb/v6-m/nofp\libgcc.a(_udivsi3.o)
                              CMakeFiles/VSC_G071RB.elf.dir/Device/system_stm32g0xx.c.obj (__aeabi_uidiv)
c:/program files (x86)/gnu arm embedded toolchain/10 2021.10/bin/../lib/gcc/arm-none-eabi/10.3.1/thumb/v6-m/nofp\libgcc.a(_divsi3.o)
                              CMakeFiles/VSC_G071RB.elf.dir/Lib/SEGGER_RTT/SEGGER_RTT_printf.c.obj (__aeabi_idiv)
c:/program files (x86)/gnu arm embedded toolchain/10 2021.10/bin/../lib/gcc/arm-none-eabi/10.3.1/thumb/v6-m/nofp\libgcc.a(_dvmd_tls.o)
                              c:/program files (x86)/gnu arm embedded toolchain/10 2021.10/bin/../lib/gcc/arm-none-eabi/10.3.1/thumb/v6-m/nofp\libgcc.a(_udivsi3.o) (__aeabi_idiv0)
c:/program files (x86)/gnu arm embedded toolchain/10 2021.10/bin/../lib/gcc/arm-none-eabi/10.3.1/../../../../arm-none-eabi/lib/thumb/v6-m/nofp\libc_nano.a(lib_a-memcpy-stub.o)
                              CMakeFiles/VSC_G071RB.elf.dir/Lib/SEGGER_RTT/SEGGER_RTT.c.obj (memcpy)
c:/program files (x86)/gnu arm embedded toolchain/10 2021.10/bin/../lib/gcc/arm-none-eabi/10.3.1/../../../../arm-none-eabi/lib/thumb/v6-m/nofp\libc_nano.a(lib_a-strlen.o)
                              CMakeFiles/VSC_G071RB.elf.dir/Lib/SEGGER_RTT/SEGGER_RTT.c.obj (strlen)
c:/program files (x86)/gnu arm embedded toolchain/10 2021.10/bin/../lib/gcc/arm-none-eabi/10.3.1/../../../../arm-none-eabi/lib/thumb/v6-m/nofp\librdimon_nano.a(rdimon-syscalls.o)
                              c:/program files (x86)/gnu arm embedded toolchain/10 2021.10/bin/../lib/gcc/arm-none-eabi/10.3.1/../../../../arm-none-eabi/lib/thumb/v6-m/nofp/rdimon-crt0.o (initialise_monitor_handles)
c:/program files (x86)/gnu arm embedded toolchain/10 2021.10/bin/../lib/gcc/arm-none-eabi/10.3.1/../../../../arm-none-eabi/lib/thumb/v6-m/nofp\libc_nano.a(lib_a-errno.o)
                              c:/program files (x86)/gnu arm embedded toolchain/10 2021.10/bin/../lib/gcc/arm-none-eabi/10.3.1/../../../../arm-none-eabi/lib/thumb/v6-m/nofp\librdimon_nano.a(rdimon-syscalls.o) (__errno)
c:/program files (x86)/gnu arm embedded toolchain/10 2021.10/bin/../lib/gcc/arm-none-eabi/10.3.1/../../../../arm-none-eabi/lib/thumb/v6-m/nofp\libc_nano.a(lib_a-findfp.o)
                              c:/program files (x86)/gnu arm embedded toolchain/10 2021.10/bin/../lib/gcc/arm-none-eabi/10.3.1/../../../../arm-none-eabi/lib/thumb/v6-m/nofp\librdimon_nano.a(rdimon-syscalls.o) (__sinit)
c:/program files (x86)/gnu arm embedded toolchain/10 2021.10/bin/../lib/gcc/arm-none-eabi/10.3.1/../../../../arm-none-eabi/lib/thumb/v6-m/nofp\libc_nano.a(lib_a-fwalk.o)
                              c:/program files (x86)/gnu arm embedded toolchain/10 2021.10/bin/../lib/gcc/arm-none-eabi/10.3.1/../../../../arm-none-eabi/lib/thumb/v6-m/nofp\libc_nano.a(lib_a-findfp.o) (_fwalk)
[...]
Memory Configuration

Name             Origin             Length             Attributes
RAM              0x20000000         0x00009000         xrw
FLASH            0x08000000         0x00020000         xr
*default*        0x00000000         0xffffffff

Linker script and memory map

LOAD c:/program files (x86)/gnu arm embedded toolchain/10 2021.10/bin/../lib/gcc/arm-none-eabi/10.3.1/thumb/v6-m/nofp/crti.o
LOAD c:/program files (x86)/gnu arm embedded toolchain/10 2021.10/bin/../lib/gcc/arm-none-eabi/10.3.1/thumb/v6-m/nofp/crtbegin.o
LOAD c:/program files (x86)/gnu arm embedded toolchain/10 2021.10/bin/../lib/gcc/arm-none-eabi/10.3.1/../../../../arm-none-eabi/lib/thumb/v6-m/nofp/rdimon-crt0.o
LOAD c:/program files (x86)/gnu arm embedded toolchain/10 2021.10/bin/../lib/gcc/arm-none-eabi/10.3.1/../../../../arm-none-eabi/lib/thumb/v6-m/nofp\libc_nano.a
LOAD c:/program files (x86)/gnu arm embedded toolchain/10 2021.10/bin/../lib/gcc/arm-none-eabi/10.3.1/../../../../arm-none-eabi/lib/thumb/v6-m/nofp\libm.a
LOAD c:/program files (x86)/gnu arm embedded toolchain/10 2021.10/bin/../lib/gcc/arm-none-eabi/10.3.1/../../../../arm-none-eabi/lib/thumb/v6-m/nofp\libnosys.a
LOAD CMakeFiles/VSC_G071RB.elf.dir/main/main.c.obj
LOAD CMakeFiles/VSC_G071RB.elf.dir/Device/stm32g0xx_it.c.obj
LOAD CMakeFiles/VSC_G071RB.elf.dir/Device/system_stm32g0xx.c.obj
LOAD CMakeFiles/VSC_G071RB.elf.dir/Device/startup_stm32g071xx.s.obj
LOAD CMakeFiles/VSC_G071RB.elf.dir/Device/stm32g0xx_hal_msp.c.obj
LOAD CMakeFiles/VSC_G071RB.elf.dir/Drivers/Src/stm32g0xx_hal.c.obj
LOAD CMakeFiles/VSC_G071RB.elf.dir/Drivers/Src/stm32g0xx_hal_rcc.c.obj
LOAD CMakeFiles/VSC_G071RB.elf.dir/Drivers/Src/stm32g0xx_hal_rcc_ex.c.obj
LOAD CMakeFiles/VSC_G071RB.elf.dir/Drivers/Src/stm32g0xx_hal_flash.c.obj
LOAD CMakeFiles/VSC_G071RB.elf.dir/Drivers/Src/stm32g0xx_hal_flash_ex.c.obj
LOAD CMakeFiles/VSC_G071RB.elf.dir/Drivers/Src/stm32g0xx_hal_dma.c.obj
LOAD CMakeFiles/VSC_G071RB.elf.dir/Drivers/Src/stm32g0xx_hal_dma_ex.c.obj
LOAD CMakeFiles/VSC_G071RB.elf.dir/Drivers/Src/stm32g0xx_hal_gpio.c.obj
LOAD CMakeFiles/VSC_G071RB.elf.dir/Drivers/Src/stm32g0xx_hal_cortex.c.obj
LOAD CMakeFiles/VSC_G071RB.elf.dir/Drivers/Src/stm32g0xx_hal_exti.c.obj
LOAD CMakeFiles/VSC_G071RB.elf.dir/Drivers/Src/stm32g0xx_hal_tim.c.obj
LOAD CMakeFiles/VSC_G071RB.elf.dir/Drivers/Src/stm32g0xx_hal_tim_ex.c.obj
LOAD CMakeFiles/VSC_G071RB.elf.dir/Drivers/Src/stm32g0xx_hal_pwr.c.obj
LOAD CMakeFiles/VSC_G071RB.elf.dir/Drivers/Src/stm32g0xx_hal_pwr_ex.c.obj
LOAD CMakeFiles/VSC_G071RB.elf.dir/Lib/SEGGER_RTT/SEGGER_RTT_ASM_ARMv7M.S.obj
LOAD CMakeFiles/VSC_G071RB.elf.dir/Lib/SEGGER_RTT/SEGGER_RTT_printf.c.obj
LOAD CMakeFiles/VSC_G071RB.elf.dir/Lib/SEGGER_RTT/SEGGER_RTT_Syscalls_GCC.c.obj
LOAD CMakeFiles/VSC_G071RB.elf.dir/Lib/SEGGER_RTT/SEGGER_RTT.c.obj
START GROUP
LOAD c:/program files (x86)/gnu arm embedded toolchain/10 2021.10/bin/../lib/gcc/arm-none-eabi/10.3.1/thumb/v6-m/nofp\libgcc.a
LOAD c:/program files (x86)/gnu arm embedded toolchain/10 2021.10/bin/../lib/gcc/arm-none-eabi/10.3.1/../../../../arm-none-eabi/lib/thumb/v6-m/nofp\libc_nano.a
END GROUP
START GROUP
LOAD c:/program files (x86)/gnu arm embedded toolchain/10 2021.10/bin/../lib/gcc/arm-none-eabi/10.3.1/thumb/v6-m/nofp\libgcc.a
LOAD c:/program files (x86)/gnu arm embedded toolchain/10 2021.10/bin/../lib/gcc/arm-none-eabi/10.3.1/../../../../arm-none-eabi/lib/thumb/v6-m/nofp\libc_nano.a
LOAD c:/program files (x86)/gnu arm embedded toolchain/10 2021.10/bin/../lib/gcc/arm-none-eabi/10.3.1/../../../../arm-none-eabi/lib/thumb/v6-m/nofp\librdimon_nano.a
END GROUP
START GROUP
LOAD c:/program files (x86)/gnu arm embedded toolchain/10 2021.10/bin/../lib/gcc/arm-none-eabi/10.3.1/thumb/v6-m/nofp\libgcc.a
LOAD c:/program files (x86)/gnu arm embedded toolchain/10 2021.10/bin/../lib/gcc/arm-none-eabi/10.3.1/../../../../arm-none-eabi/lib/thumb/v6-m/nofp\libc_nano.a
LOAD c:/program files (x86)/gnu arm embedded toolchain/10 2021.10/bin/../lib/gcc/arm-none-eabi/10.3.1/../../../../arm-none-eabi/lib/thumb/v6-m/nofp\librdimon_nano.a
END GROUP
LOAD c:/program files (x86)/gnu arm embedded toolchain/10 2021.10/bin/../lib/gcc/arm-none-eabi/10.3.1/thumb/v6-m/nofp/crtend.o
LOAD c:/program files (x86)/gnu arm embedded toolchain/10 2021.10/bin/../lib/gcc/arm-none-eabi/10.3.1/thumb/v6-m/nofp/crtn.o
                0x20009000                _estack = (ORIGIN (RAM) + LENGTH (RAM))
                0x00000200                _Min_Heap_Size = 0x200
                0x00000400                _Min_Stack_Size = 0x400

.isr_vector     0x08000000       0xbc
                0x08000000                . = ALIGN (0x4)
 *(.isr_vector)
 .isr_vector    0x08000000       0xbc CMakeFiles/VSC_G071RB.elf.dir/Device/startup_stm32g071xx.s.obj
                0x08000000                g_pfnVectors
                0x080000bc                . = ALIGN (0x4)

.text           0x080000bc     0x1588
                0x080000bc                . = ALIGN (0x4)
 *(.text)
 .text          0x080000bc       0x48 c:/program files (x86)/gnu arm embedded toolchain/10 2021.10/bin/../lib/gcc/arm-none-eabi/10.3.1/thumb/v6-m/nofp/crtbegin.o
 .text          0x08000104      0x114 c:/program files (x86)/gnu arm embedded toolchain/10 2021.10/bin/../lib/gcc/arm-none-eabi/10.3.1/thumb/v6-m/nofp\libgcc.a(_udivsi3.o)
                0x08000104                __aeabi_uidiv
                0x08000104                __udivsi3
                0x08000210                __aeabi_uidivmod
 .text          0x08000218      0x1d4 c:/program files (x86)/gnu arm embedded toolchain/10 2021.10/bin/../lib/gcc/arm-none-eabi/10.3.1/thumb/v6-m/nofp\libgcc.a(_divsi3.o)
                0x08000218                __divsi3
                0x08000218                __aeabi_idiv
                0x080003e4                __aeabi_idivmod
 .text          0x080003ec        0x4 c:/program files (x86)/gnu arm embedded toolchain/10 2021.10/bin/../lib/gcc/arm-none-eabi/10.3.1/thumb/v6-m/nofp\libgcc.a(_dvmd_tls.o)
                0x080003ec                __aeabi_idiv0
                0x080003ec                __aeabi_ldiv0
 *(.text*)
 .text.__libc_init_array
                0x080003f0       0x48 c:/program files (x86)/gnu arm embedded toolchain/10 2021.10/bin/../lib/gcc/arm-none-eabi/10.3.1/../../../../arm-none-eabi/lib/thumb/v6-m/nofp\libc_nano.a(lib_a-init.o)
                0x080003f0                __libc_init_array
 .text.memset   0x08000438       0x10 c:/program files (x86)/gnu arm embedded toolchain/10 2021.10/bin/../lib/gcc/arm-none-eabi/10.3.1/../../../../arm-none-eabi/lib/thumb/v6-m/nofp\libc_nano.a(lib_a-memset.o)
                0x08000438                memset
 .text.SystemClock_Config
                0x08000448       0x6c CMakeFiles/VSC_G071RB.elf.dir/main/main.c.obj
                0x08000448                SystemClock_Config
 .text.main     0x080004b4       0x60 CMakeFiles/VSC_G071RB.elf.dir/main/main.c.obj
                0x080004b4                main
 .text.NMI_Handler
                0x08000514        0x2 CMakeFiles/VSC_G071RB.elf.dir/Device/stm32g0xx_it.c.obj
                0x08000514                NMI_Handler
 .text.HardFault_Handler
                0x08000516        0x2 CMakeFiles/VSC_G071RB.elf.dir/Device/stm32g0xx_it.c.obj
                0x08000516                HardFault_Handler
 .text.SVC_Handler
                0x08000518        0x2 CMakeFiles/VSC_G071RB.elf.dir/Device/stm32g0xx_it.c.obj
                0x08000518                SVC_Handler
 .text.PendSV_Handler
                0x0800051a        0x2 CMakeFiles/VSC_G071RB.elf.dir/Device/stm32g0xx_it.c.obj
                0x0800051a                PendSV_Handler
 .text.SysTick_Handler
                0x0800051c        0x8 CMakeFiles/VSC_G071RB.elf.dir/Device/stm32g0xx_it.c.obj
                0x0800051c                SysTick_Handler
 .text.SystemInit
                0x08000524       0x10 CMakeFiles/VSC_G071RB.elf.dir/Device/system_stm32g0xx.c.obj
                0x08000524                SystemInit
 .text.Reset_Handler
                0x08000534       0x50 CMakeFiles/VSC_G071RB.elf.dir/Device/startup_stm32g071xx.s.obj
                0x08000534                Reset_Handler
 .text.Default_Handler
                0x08000584        0x2 CMakeFiles/VSC_G071RB.elf.dir/Device/startup_stm32g071xx.s.obj
                0x08000584                USART3_4_LPUART1_IRQHandler
                0x08000584                TIM1_CC_IRQHandler
                0x08000584                ADC1_COMP_IRQHandler
                0x08000584                PVD_IRQHandler
                0x08000584                I2C1_IRQHandler
                0x08000584                TIM7_LPTIM2_IRQHandler
                0x08000584                RTC_TAMP_IRQHandler
                0x08000584                SPI1_IRQHandler
                0x08000584                EXTI2_3_IRQHandler
                0x08000584                I2C2_IRQHandler
                0x08000584                TIM17_IRQHandler
                0x08000584                TIM16_IRQHandler
                0x08000584                TIM3_IRQHandler
                0x08000584                EXTI4_15_IRQHandler
                0x08000584                RCC_IRQHandler
                0x08000584                DMA1_Channel1_IRQHandler
                0x08000584                Default_Handler
                0x08000584                CEC_IRQHandler
                0x08000584                TIM14_IRQHandler
                0x08000584                TIM15_IRQHandler
                0x08000584                EXTI0_1_IRQHandler
                0x08000584                SPI2_IRQHandler
                0x08000584                TIM6_DAC_LPTIM1_IRQHandler
                0x08000584                WWDG_IRQHandler
                0x08000584                TIM2_IRQHandler
                0x08000584                DMA1_Ch4_7_DMAMUX1_OVR_IRQHandler
                0x08000584                DMA1_Channel2_3_IRQHandler
                0x08000584                UCPD1_2_IRQHandler
                0x08000584                USART2_IRQHandler
                0x08000584                FLASH_IRQHandler
                0x08000584                USART1_IRQHandler
                0x08000584                TIM1_BRK_UP_TRG_COM_IRQHandler
 *fill*         0x08000586        0x2 
 .text.HAL_MspInit
                0x08000588       0x38 CMakeFiles/VSC_G071RB.elf.dir/Device/stm32g0xx_hal_msp.c.obj
                0x08000588                HAL_MspInit
 .text.HAL_InitTick
                0x080005c0       0x58 CMakeFiles/VSC_G071RB.elf.dir/Drivers/Src/stm32g0xx_hal.c.obj
                0x080005c0                HAL_InitTick
 .text.HAL_Init
                0x08000618       0x28 CMakeFiles/VSC_G071RB.elf.dir/Drivers/Src/stm32g0xx_hal.c.obj
                0x08000618                HAL_Init
 .text.HAL_IncTick
                0x08000640       0x18 CMakeFiles/VSC_G071RB.elf.dir/Drivers/Src/stm32g0xx_hal.c.obj
                0x08000640                HAL_IncTick
 .text.HAL_GetTick
                0x08000658        0xc CMakeFiles/VSC_G071RB.elf.dir/Drivers/Src/stm32g0xx_hal.c.obj
                0x08000658                HAL_GetTick
 .text.HAL_Delay
                0x08000664       0x24 CMakeFiles/VSC_G071RB.elf.dir/Drivers/Src/stm32g0xx_hal.c.obj
                0x08000664                HAL_Delay
 .text.HAL_SYSCFG_StrobeDBattpinsConfig
                0x08000688       0x18 CMakeFiles/VSC_G071RB.elf.dir/Drivers/Src/stm32g0xx_hal.c.obj
                0x08000688                HAL_SYSCFG_StrobeDBattpinsConfig
 .text.HAL_RCC_OscConfig
                0x080006a0      0x4b8 CMakeFiles/VSC_G071RB.elf.dir/Drivers/Src/stm32g0xx_hal_rcc.c.obj
                0x080006a0                HAL_RCC_OscConfig
 .text.HAL_RCC_GetSysClockFreq
                0x08000b58       0xb8 CMakeFiles/VSC_G071RB.elf.dir/Drivers/Src/stm32g0xx_hal_rcc.c.obj
                0x08000b58                HAL_RCC_GetSysClockFreq
 .text.HAL_RCC_ClockConfig
                0x08000c10      0x18c CMakeFiles/VSC_G071RB.elf.dir/Drivers/Src/stm32g0xx_hal_rcc.c.obj
                0x08000c10                HAL_RCC_ClockConfig
 .text.HAL_GPIO_Init
                0x08000d9c      0x178 CMakeFiles/VSC_G071RB.elf.dir/Drivers/Src/stm32g0xx_hal_gpio.c.obj
                0x08000d9c                HAL_GPIO_Init
 .text.HAL_GPIO_TogglePin
                0x08000f14       0x10 CMakeFiles/VSC_G071RB.elf.dir/Drivers/Src/stm32g0xx_hal_gpio.c.obj
                0x08000f14                HAL_GPIO_TogglePin
 .text.HAL_NVIC_SetPriority
                0x08000f24       0x60 CMakeFiles/VSC_G071RB.elf.dir/Drivers/Src/stm32g0xx_hal_cortex.c.obj
                0x08000f24                HAL_NVIC_SetPriority
 .text.HAL_SYSTICK_Config
                0x08000f84       0x38 CMakeFiles/VSC_G071RB.elf.dir/Drivers/Src/stm32g0xx_hal_cortex.c.obj
                0x08000f84                HAL_SYSTICK_Config
 .text.HAL_PWREx_ControlVoltageScaling
                0x08000fbc       0x54 CMakeFiles/VSC_G071RB.elf.dir/Drivers/Src/stm32g0xx_hal_pwr_ex.c.obj
                0x08000fbc                HAL_PWREx_ControlVoltageScaling
 .text._StoreChar
                0x08001010       0x40 CMakeFiles/VSC_G071RB.elf.dir/Lib/SEGGER_RTT/SEGGER_RTT_printf.c.obj
 .text._PrintUnsigned
                0x08001050      0x114 CMakeFiles/VSC_G071RB.elf.dir/Lib/SEGGER_RTT/SEGGER_RTT_printf.c.obj
 .text._PrintInt
                0x08001164       0xf4 CMakeFiles/VSC_G071RB.elf.dir/Lib/SEGGER_RTT/SEGGER_RTT_printf.c.obj
 .text.SEGGER_RTT_vprintf
                0x08001258      0x1bc CMakeFiles/VSC_G071RB.elf.dir/Lib/SEGGER_RTT/SEGGER_RTT_printf.c.obj
                0x08001258                SEGGER_RTT_vprintf
 .text.SEGGER_RTT_printf
                0x08001414       0x1a CMakeFiles/VSC_G071RB.elf.dir/Lib/SEGGER_RTT/SEGGER_RTT_printf.c.obj
                0x08001414                SEGGER_RTT_printf
 .text._GetAvailWriteSpace
                0x0800142e       0x18 CMakeFiles/VSC_G071RB.elf.dir/Lib/SEGGER_RTT/SEGGER_RTT.c.obj
 .text._WriteNoCheck
                0x08001446       0x50 CMakeFiles/VSC_G071RB.elf.dir/Lib/SEGGER_RTT/SEGGER_RTT.c.obj
 .text._WriteBlocking
                0x08001496       0x6e CMakeFiles/VSC_G071RB.elf.dir/Lib/SEGGER_RTT/SEGGER_RTT.c.obj
 .text._DoInit  0x08001504       0x64 CMakeFiles/VSC_G071RB.elf.dir/Lib/SEGGER_RTT/SEGGER_RTT.c.obj
 .text.SEGGER_RTT_WriteNoLock
                0x08001568       0x74 CMakeFiles/VSC_G071RB.elf.dir/Lib/SEGGER_RTT/SEGGER_RTT.c.obj
                0x08001568                SEGGER_RTT_WriteNoLock
 .text.SEGGER_RTT_Write
                0x080015dc       0x34 CMakeFiles/VSC_G071RB.elf.dir/Lib/SEGGER_RTT/SEGGER_RTT.c.obj
                0x080015dc                SEGGER_RTT_Write
 .text.SEGGER_RTT_Init
                0x08001610        0x8 CMakeFiles/VSC_G071RB.elf.dir/Lib/SEGGER_RTT/SEGGER_RTT.c.obj
                0x08001610                SEGGER_RTT_Init
 .text.memcpy   0x08001618       0x12 c:/program files (x86)/gnu arm embedded toolchain/10 2021.10/bin/../lib/gcc/arm-none-eabi/10.3.1/../../../../arm-none-eabi/lib/thumb/v6-m/nofp\libc_nano.a(lib_a-memcpy-stub.o)
                0x08001618                memcpy
 *(.glue_7)
 .glue_7        0x0800162a        0x0 linker stubs
 *(.glue_7t)
 .glue_7t       0x0800162a        0x0 linker stubs
 *(.eh_frame)
 *fill*         0x0800162a        0x2 
 .eh_frame      0x0800162c        0x0 c:/program files (x86)/gnu arm embedded toolchain/10 2021.10/bin/../lib/gcc/arm-none-eabi/10.3.1/thumb/v6-m/nofp/crtbegin.o
 *(.init)
 .init          0x0800162c        0x4 c:/program files (x86)/gnu arm embedded toolchain/10 2021.10/bin/../lib/gcc/arm-none-eabi/10.3.1/thumb/v6-m/nofp/crti.o
                0x0800162c                _init
 .init          0x08001630        0x8 c:/program files (x86)/gnu arm embedded toolchain/10 2021.10/bin/../lib/gcc/arm-none-eabi/10.3.1/thumb/v6-m/nofp/crtn.o
 *(.fini)
 .fini          0x08001638        0x4 c:/program files (x86)/gnu arm embedded toolchain/10 2021.10/bin/../lib/gcc/arm-none-eabi/10.3.1/thumb/v6-m/nofp/crti.o
                0x08001638                _fini
 .fini          0x0800163c        0x8 c:/program files (x86)/gnu arm embedded toolchain/10 2021.10/bin/../lib/gcc/arm-none-eabi/10.3.1/thumb/v6-m/nofp/crtn.o
                0x08001644                . = ALIGN (0x4)
                0x08001644                _etext = .

.vfp11_veneer   0x08001644        0x0
 .vfp11_veneer  0x08001644        0x0 linker stubs

.v4_bx          0x08001644        0x0
 .v4_bx         0x08001644        0x0 linker stubs

.iplt           0x08001644        0x0
 .iplt          0x08001644        0x0 c:/program files (x86)/gnu arm embedded toolchain/10 2021.10/bin/../lib/gcc/arm-none-eabi/10.3.1/thumb/v6-m/nofp/crtbegin.o

.rodata         0x08001644      0x104
                0x08001644                . = ALIGN (0x4)
 *(.rodata)
 *(.rodata*)
 .rodata.main.str1.4
                0x08001644        0xe CMakeFiles/VSC_G071RB.elf.dir/main/main.c.obj
 *fill*         0x08001652        0x2 
 .rodata.AHBPrescTable
                0x08001654       0x40 CMakeFiles/VSC_G071RB.elf.dir/Device/system_stm32g0xx.c.obj
                0x08001654                AHBPrescTable
 .rodata.SEGGER_RTT_vprintf
                0x08001694       0x84 CMakeFiles/VSC_G071RB.elf.dir/Lib/SEGGER_RTT/SEGGER_RTT_printf.c.obj
 .rodata._aV2C.0
                0x08001718       0x10 CMakeFiles/VSC_G071RB.elf.dir/Lib/SEGGER_RTT/SEGGER_RTT_printf.c.obj
 .rodata._DoInit.str1.4
                0x08001728        0x9 CMakeFiles/VSC_G071RB.elf.dir/Lib/SEGGER_RTT/SEGGER_RTT.c.obj
 *fill*         0x08001731        0x3 
 .rodata._aInitStr.0
                0x08001734       0x11 CMakeFiles/VSC_G071RB.elf.dir/Lib/SEGGER_RTT/SEGGER_RTT.c.obj
                0x08001748                . = ALIGN (0x4)
 *fill*         0x08001745        0x3 

.rel.dyn        0x08001748        0x0
 .rel.iplt      0x08001748        0x0 c:/program files (x86)/gnu arm embedded toolchain/10 2021.10/bin/../lib/gcc/arm-none-eabi/10.3.1/thumb/v6-m/nofp/crtbegin.o

.ARM.extab      0x08001748        0x0
                0x08001748                . = ALIGN (0x4)
 *(.ARM.extab* .gnu.linkonce.armextab.*)
                0x08001748                . = ALIGN (0x4)

.ARM            0x08001748        0x0
                0x08001748                . = ALIGN (0x4)
                0x08001748                __exidx_start = .
 *(.ARM.exidx*)
                0x08001748                __exidx_end = .
                0x08001748                . = ALIGN (0x4)

.preinit_array  0x08001748        0x0
                0x08001748                . = ALIGN (0x4)
                0x08001748                PROVIDE (__preinit_array_start = .)
 *(.preinit_array*)
                0x08001748                PROVIDE (__preinit_array_end = .)
                0x08001748                . = ALIGN (0x4)

.init_array     0x08001748        0x4
                0x08001748                . = ALIGN (0x4)
                0x08001748                PROVIDE (__init_array_start = .)
 *(SORT_BY_NAME(.init_array.*))
 *(.init_array*)
 .init_array    0x08001748        0x4 c:/program files (x86)/gnu arm embedded toolchain/10 2021.10/bin/../lib/gcc/arm-none-eabi/10.3.1/thumb/v6-m/nofp/crtbegin.o
                0x0800174c                PROVIDE (__init_array_end = .)
                0x0800174c                . = ALIGN (0x4)

.fini_array     0x0800174c        0x4
                0x0800174c                . = ALIGN (0x4)
                [!provide]                PROVIDE (__fini_array_start = .)
 *(SORT_BY_NAME(.fini_array.*))
 *(.fini_array*)
 .fini_array    0x0800174c        0x4 c:/program files (x86)/gnu arm embedded toolchain/10 2021.10/bin/../lib/gcc/arm-none-eabi/10.3.1/thumb/v6-m/nofp/crtbegin.o
                [!provide]                PROVIDE (__fini_array_end = .)
                0x08001750                . = ALIGN (0x4)
                0x08001750                _sidata = LOADADDR (.data)

.data           0x20000000        0xc load address 0x08001750
                0x20000000                . = ALIGN (0x4)
                0x20000000                _sdata = .
 *(.data)
 *(.data*)
 .data.SystemCoreClock
                0x20000000        0x4 CMakeFiles/VSC_G071RB.elf.dir/Device/system_stm32g0xx.c.obj
                0x20000000                SystemCoreClock
 .data.uwTickFreq
                0x20000004        0x1 CMakeFiles/VSC_G071RB.elf.dir/Drivers/Src/stm32g0xx_hal.c.obj
                0x20000004                uwTickFreq
 *fill*         0x20000005        0x3 
 .data.uwTickPrio
                0x20000008        0x4 CMakeFiles/VSC_G071RB.elf.dir/Drivers/Src/stm32g0xx_hal.c.obj
                0x20000008                uwTickPrio
                0x2000000c                . = ALIGN (0x4)
                0x2000000c                _edata = .

.igot.plt       0x2000000c        0x0 load address 0x0800175c
 .igot.plt      0x2000000c        0x0 c:/program files (x86)/gnu arm embedded toolchain/10 2021.10/bin/../lib/gcc/arm-none-eabi/10.3.1/thumb/v6-m/nofp/crtbegin.o
                0x2000000c                . = ALIGN (0x4)

.bss            0x2000000c      0x4ec load address 0x0800175c
                0x2000000c                _sbss = .
                0x2000000c                __bss_start__ = _sbss
 *(.bss)
 .bss           0x2000000c       0x1c c:/program files (x86)/gnu arm embedded toolchain/10 2021.10/bin/../lib/gcc/arm-none-eabi/10.3.1/thumb/v6-m/nofp/crtbegin.o
 *(.bss*)
 .bss.GPIO_InitStruct
                0x20000028       0x14 CMakeFiles/VSC_G071RB.elf.dir/main/main.c.obj
 .bss.uwTick    0x2000003c        0x4 CMakeFiles/VSC_G071RB.elf.dir/Drivers/Src/stm32g0xx_hal.c.obj
                0x2000003c                uwTick
 .bss._SEGGER_RTT
                0x20000040       0xa8 CMakeFiles/VSC_G071RB.elf.dir/Lib/SEGGER_RTT/SEGGER_RTT.c.obj
                0x20000040                _SEGGER_RTT
 .bss._acDownBuffer
                0x200000e8       0x10 CMakeFiles/VSC_G071RB.elf.dir/Lib/SEGGER_RTT/SEGGER_RTT.c.obj
 .bss._acUpBuffer
                0x200000f8      0x400 CMakeFiles/VSC_G071RB.elf.dir/Lib/SEGGER_RTT/SEGGER_RTT.c.obj
 *(COMMON)
                0x200004f8                . = ALIGN (0x4)
                0x200004f8                _ebss = .
                0x200004f8                __bss_end__ = _ebss

._user_heap_stack
                0x200004f8      0x600 load address 0x0800175c
                0x200004f8                . = ALIGN (0x8)
                0x200004f8                PROVIDE (end = .)
                [!provide]                PROVIDE (_end = .)
                0x200006f8                . = (. + _Min_Heap_Size)
 *fill*         0x200004f8      0x200 
                0x20000af8                . = (. + _Min_Stack_Size)
 *fill*         0x200006f8      0x400 
                0x20000af8                . = ALIGN (0x8)

/DISCARD/
 libc.a(*)
 libm.a(*)
 libgcc.a(*)

.ARM.attributes
                0x00000000       0x28
 *(.ARM.attributes)
 .ARM.attributes
                0x00000000       0x1e c:/program files (x86)/gnu arm embedded toolchain/10 2021.10/bin/../lib/gcc/arm-none-eabi/10.3.1/thumb/v6-m/nofp/crti.o
 .ARM.attributes
                0x0000001e       0x2c c:/program files (x86)/gnu arm embedded toolchain/10 2021.10/bin/../lib/gcc/arm-none-eabi/10.3.1/thumb/v6-m/nofp/crtbegin.o
 .ARM.attributes
                0x0000004a       0x2c c:/program files (x86)/gnu arm embedded toolchain/10 2021.10/bin/../lib/gcc/arm-none-eabi/10.3.1/../../../../arm-none-eabi/lib/thumb/v6-m/nofp\libc_nano.a(lib_a-init.o)
 .ARM.attributes
                0x00000076       0x2c c:/program files (x86)/gnu arm embedded toolchain/10 2021.10/bin/../lib/gcc/arm-none-eabi/10.3.1/../../../../arm-none-eabi/lib/thumb/v6-m/nofp\libc_nano.a(lib_a-memset.o)
 .ARM.attributes
                0x000000a2       0x2c CMakeFiles/VSC_G071RB.elf.dir/main/main.c.obj
 .ARM.attributes
                0x000000ce       0x2c CMakeFiles/VSC_G071RB.elf.dir/Device/stm32g0xx_it.c.obj
 .ARM.attributes
                0x000000fa       0x2c CMakeFiles/VSC_G071RB.elf.dir/Device/system_stm32g0xx.c.obj
 .ARM.attributes
                0x00000126       0x22 CMakeFiles/VSC_G071RB.elf.dir/Device/startup_stm32g071xx.s.obj
 .ARM.attributes
                0x00000148       0x2c CMakeFiles/VSC_G071RB.elf.dir/Device/stm32g0xx_hal_msp.c.obj
 .ARM.attributes
                0x00000174       0x2c CMakeFiles/VSC_G071RB.elf.dir/Drivers/Src/stm32g0xx_hal.c.obj
 .ARM.attributes
                0x000001a0       0x2c CMakeFiles/VSC_G071RB.elf.dir/Drivers/Src/stm32g0xx_hal_rcc.c.obj
 .ARM.attributes
                0x000001cc       0x2c CMakeFiles/VSC_G071RB.elf.dir/Drivers/Src/stm32g0xx_hal_gpio.c.obj
 .ARM.attributes
                0x000001f8       0x2c CMakeFiles/VSC_G071RB.elf.dir/Drivers/Src/stm32g0xx_hal_cortex.c.obj
 .ARM.attributes
                0x00000224       0x2c CMakeFiles/VSC_G071RB.elf.dir/Drivers/Src/stm32g0xx_hal_pwr_ex.c.obj
 .ARM.attributes
                0x00000250       0x2c CMakeFiles/VSC_G071RB.elf.dir/Lib/SEGGER_RTT/SEGGER_RTT_printf.c.obj
 .ARM.attributes
                0x0000027c       0x2c CMakeFiles/VSC_G071RB.elf.dir/Lib/SEGGER_RTT/SEGGER_RTT.c.obj
 .ARM.attributes
                0x000002a8       0x1e c:/program files (x86)/gnu arm embedded toolchain/10 2021.10/bin/../lib/gcc/arm-none-eabi/10.3.1/thumb/v6-m/nofp\libgcc.a(_udivsi3.o)
 .ARM.attributes
                0x000002c6       0x1e c:/program files (x86)/gnu arm embedded toolchain/10 2021.10/bin/../lib/gcc/arm-none-eabi/10.3.1/thumb/v6-m/nofp\libgcc.a(_divsi3.o)
 .ARM.attributes
                0x000002e4       0x1e c:/program files (x86)/gnu arm embedded toolchain/10 2021.10/bin/../lib/gcc/arm-none-eabi/10.3.1/thumb/v6-m/nofp\libgcc.a(_dvmd_tls.o)
 .ARM.attributes
                0x00000302       0x2c c:/program files (x86)/gnu arm embedded toolchain/10 2021.10/bin/../lib/gcc/arm-none-eabi/10.3.1/../../../../arm-none-eabi/lib/thumb/v6-m/nofp\libc_nano.a(lib_a-memcpy-stub.o)
 .ARM.attributes
                0x0000032e       0x1e c:/program files (x86)/gnu arm embedded toolchain/10 2021.10/bin/../lib/gcc/arm-none-eabi/10.3.1/thumb/v6-m/nofp/crtn.o
OUTPUT(VSC_G071RB.elf elf32-littlearm)
LOAD linker stubs
LOAD c:/program files (x86)/gnu arm embedded toolchain/10 2021.10/bin/../lib/gcc/arm-none-eabi/10.3.1/../../../../arm-none-eabi/lib/thumb/v6-m/nofp\libc.a
LOAD c:/program files (x86)/gnu arm embedded toolchain/10 2021.10/bin/../lib/gcc/arm-none-eabi/10.3.1/../../../../arm-none-eabi/lib/thumb/v6-m/nofp\libm.a
LOAD c:/program files (x86)/gnu arm embedded toolchain/10 2021.10/bin/../lib/gcc/arm-none-eabi/10.3.1/thumb/v6-m/nofp\libgcc.a

.debug_frame    0x00000000      0xe58
 .debug_frame   0x00000000       0x2c c:/program files (x86)/gnu arm embedded toolchain/10 2021.10/bin/../lib/gcc/arm-none-eabi/10.3.1/../../../../arm-none-eabi/lib/thumb/v6-m/nofp\libc_nano.a(lib_a-init.o)
 .debug_frame   0x0000002c       0x20 c:/program files (x86)/gnu arm embedded toolchain/10 2021.10/bin/../lib/gcc/arm-none-eabi/10.3.1/../../../../arm-none-eabi/lib/thumb/v6-m/nofp\libc_nano.a(lib_a-memset.o)
 .debug_frame   0x0000004c       0x44 CMakeFiles/VSC_G071RB.elf.dir/main/main.c.obj
 .debug_frame   0x00000090       0x68 CMakeFiles/VSC_G071RB.elf.dir/Device/stm32g0xx_it.c.obj
 .debug_frame   0x000000f8       0x38 CMakeFiles/VSC_G071RB.elf.dir/Device/system_stm32g0xx.c.obj
 .debug_frame   0x00000130       0x28 CMakeFiles/VSC_G071RB.elf.dir/Device/stm32g0xx_hal_msp.c.obj
 .debug_frame   0x00000158      0x254 CMakeFiles/VSC_G071RB.elf.dir/Drivers/Src/stm32g0xx_hal.c.obj
 .debug_frame   0x000003ac      0x16c CMakeFiles/VSC_G071RB.elf.dir/Drivers/Src/stm32g0xx_hal_rcc.c.obj
 .debug_frame   0x00000518       0xd0 CMakeFiles/VSC_G071RB.elf.dir/Drivers/Src/stm32g0xx_hal_gpio.c.obj
 .debug_frame   0x000005e8      0x114 CMakeFiles/VSC_G071RB.elf.dir/Drivers/Src/stm32g0xx_hal_cortex.c.obj
 .debug_frame   0x000006fc      0x1e0 CMakeFiles/VSC_G071RB.elf.dir/Drivers/Src/stm32g0xx_hal_pwr_ex.c.obj
 .debug_frame   0x000008dc       0xc0 CMakeFiles/VSC_G071RB.elf.dir/Lib/SEGGER_RTT/SEGGER_RTT_printf.c.obj
 .debug_frame   0x0000099c      0x454 CMakeFiles/VSC_G071RB.elf.dir/Lib/SEGGER_RTT/SEGGER_RTT.c.obj
 .debug_frame   0x00000df0       0x20 c:/program files (x86)/gnu arm embedded toolchain/10 2021.10/bin/../lib/gcc/arm-none-eabi/10.3.1/thumb/v6-m/nofp\libgcc.a(_udivsi3.o)
 .debug_frame   0x00000e10       0x20 c:/program files (x86)/gnu arm embedded toolchain/10 2021.10/bin/../lib/gcc/arm-none-eabi/10.3.1/thumb/v6-m/nofp\libgcc.a(_divsi3.o)
 .debug_frame   0x00000e30       0x28 c:/program files (x86)/gnu arm embedded toolchain/10 2021.10/bin/../lib/gcc/arm-none-eabi/10.3.1/../../../../arm-none-eabi/lib/thumb/v6-m/nofp\libc_nano.a(lib_a-memcpy-stub.o)

.debug_info     0x00000000     0x6e1b
 .debug_info    0x00000000      0x782 CMakeFiles/VSC_G071RB.elf.dir/main/main.c.obj
 .debug_info    0x00000782      0x149 CMakeFiles/VSC_G071RB.elf.dir/Device/stm32g0xx_it.c.obj
 .debug_info    0x000008cb      0x48f CMakeFiles/VSC_G071RB.elf.dir/Device/system_stm32g0xx.c.obj
 .debug_info    0x00000d5a       0x22 CMakeFiles/VSC_G071RB.elf.dir/Device/startup_stm32g071xx.s.obj
 .debug_info    0x00000d7c      0x2f7 CMakeFiles/VSC_G071RB.elf.dir/Device/stm32g0xx_hal_msp.c.obj
 .debug_info    0x00001073      0xc26 CMakeFiles/VSC_G071RB.elf.dir/Drivers/Src/stm32g0xx_hal.c.obj
 .debug_info    0x00001c99      0xe9d CMakeFiles/VSC_G071RB.elf.dir/Drivers/Src/stm32g0xx_hal_rcc.c.obj
 .debug_info    0x00002b36      0x6dd CMakeFiles/VSC_G071RB.elf.dir/Drivers/Src/stm32g0xx_hal_gpio.c.obj
 .debug_info    0x00003213      0xafb CMakeFiles/VSC_G071RB.elf.dir/Drivers/Src/stm32g0xx_hal_cortex.c.obj
 .debug_info    0x00003d0e      0x95f CMakeFiles/VSC_G071RB.elf.dir/Drivers/Src/stm32g0xx_hal_pwr_ex.c.obj
 .debug_info    0x0000466d      0x74f CMakeFiles/VSC_G071RB.elf.dir/Lib/SEGGER_RTT/SEGGER_RTT_printf.c.obj
 .debug_info    0x00004dbc     0x205f CMakeFiles/VSC_G071RB.elf.dir/Lib/SEGGER_RTT/SEGGER_RTT.c.obj

.debug_abbrev   0x00000000     0x1686
 .debug_abbrev  0x00000000      0x1a4 CMakeFiles/VSC_G071RB.elf.dir/main/main.c.obj
 .debug_abbrev  0x000001a4       0xba CMakeFiles/VSC_G071RB.elf.dir/Device/stm32g0xx_it.c.obj
 .debug_abbrev  0x0000025e      0x145 CMakeFiles/VSC_G071RB.elf.dir/Device/system_stm32g0xx.c.obj
 .debug_abbrev  0x000003a3       0x12 CMakeFiles/VSC_G071RB.elf.dir/Device/startup_stm32g071xx.s.obj
 .debug_abbrev  0x000003b5      0x10f CMakeFiles/VSC_G071RB.elf.dir/Device/stm32g0xx_hal_msp.c.obj
 .debug_abbrev  0x000004c4      0x2bc CMakeFiles/VSC_G071RB.elf.dir/Drivers/Src/stm32g0xx_hal.c.obj
 .debug_abbrev  0x00000780      0x2d8 CMakeFiles/VSC_G071RB.elf.dir/Drivers/Src/stm32g0xx_hal_rcc.c.obj
 .debug_abbrev  0x00000a58      0x239 CMakeFiles/VSC_G071RB.elf.dir/Drivers/Src/stm32g0xx_hal_gpio.c.obj
 .debug_abbrev  0x00000c91      0x2c7 CMakeFiles/VSC_G071RB.elf.dir/Drivers/Src/stm32g0xx_hal_cortex.c.obj
 .debug_abbrev  0x00000f58      0x27c CMakeFiles/VSC_G071RB.elf.dir/Drivers/Src/stm32g0xx_hal_pwr_ex.c.obj
 .debug_abbrev  0x000011d4      0x21a CMakeFiles/VSC_G071RB.elf.dir/Lib/SEGGER_RTT/SEGGER_RTT_printf.c.obj
 .debug_abbrev  0x000013ee      0x298 CMakeFiles/VSC_G071RB.elf.dir/Lib/SEGGER_RTT/SEGGER_RTT.c.obj

.debug_loc      0x00000000     0x53cf
 .debug_loc     0x00000000       0x59 CMakeFiles/VSC_G071RB.elf.dir/main/main.c.obj
 .debug_loc     0x00000059       0x20 CMakeFiles/VSC_G071RB.elf.dir/Device/stm32g0xx_it.c.obj
 .debug_loc     0x00000079       0xc9 CMakeFiles/VSC_G071RB.elf.dir/Device/system_stm32g0xx.c.obj
 .debug_loc     0x00000142       0x2c CMakeFiles/VSC_G071RB.elf.dir/Device/stm32g0xx_hal_msp.c.obj
 .debug_loc     0x0000016e      0x29f CMakeFiles/VSC_G071RB.elf.dir/Drivers/Src/stm32g0xx_hal.c.obj
 .debug_loc     0x0000040d      0x82f CMakeFiles/VSC_G071RB.elf.dir/Drivers/Src/stm32g0xx_hal_rcc.c.obj
 .debug_loc     0x00000c3c      0x433 CMakeFiles/VSC_G071RB.elf.dir/Drivers/Src/stm32g0xx_hal_gpio.c.obj
 .debug_loc     0x0000106f      0x498 CMakeFiles/VSC_G071RB.elf.dir/Drivers/Src/stm32g0xx_hal_cortex.c.obj
 .debug_loc     0x00001507      0x385 CMakeFiles/VSC_G071RB.elf.dir/Drivers/Src/stm32g0xx_hal_pwr_ex.c.obj
 .debug_loc     0x0000188c      0x9bd CMakeFiles/VSC_G071RB.elf.dir/Lib/SEGGER_RTT/SEGGER_RTT_printf.c.obj
 .debug_loc     0x00002249     0x3186 CMakeFiles/VSC_G071RB.elf.dir/Lib/SEGGER_RTT/SEGGER_RTT.c.obj

.debug_aranges  0x00000000      0x5f0
 .debug_aranges
                0x00000000       0x28 CMakeFiles/VSC_G071RB.elf.dir/main/main.c.obj
 .debug_aranges
                0x00000028       0x40 CMakeFiles/VSC_G071RB.elf.dir/Device/stm32g0xx_it.c.obj
 .debug_aranges
                0x00000068       0x28 CMakeFiles/VSC_G071RB.elf.dir/Device/system_stm32g0xx.c.obj
 .debug_aranges
                0x00000090       0x28 CMakeFiles/VSC_G071RB.elf.dir/Device/startup_stm32g071xx.s.obj
 .debug_aranges
                0x000000b8       0x20 CMakeFiles/VSC_G071RB.elf.dir/Device/stm32g0xx_hal_msp.c.obj
 .debug_aranges
                0x000000d8      0x120 CMakeFiles/VSC_G071RB.elf.dir/Drivers/Src/stm32g0xx_hal.c.obj
 .debug_aranges
                0x000001f8       0x98 CMakeFiles/VSC_G071RB.elf.dir/Drivers/Src/stm32g0xx_hal_rcc.c.obj
 .debug_aranges
                0x00000290       0x60 CMakeFiles/VSC_G071RB.elf.dir/Drivers/Src/stm32g0xx_hal_gpio.c.obj
 .debug_aranges
                0x000002f0       0x90 CMakeFiles/VSC_G071RB.elf.dir/Drivers/Src/stm32g0xx_hal_cortex.c.obj
 .debug_aranges
                0x00000380       0xf0 CMakeFiles/VSC_G071RB.elf.dir/Drivers/Src/stm32g0xx_hal_pwr_ex.c.obj
 .debug_aranges
                0x00000470       0x40 CMakeFiles/VSC_G071RB.elf.dir/Lib/SEGGER_RTT/SEGGER_RTT_printf.c.obj
 .debug_aranges
                0x000004b0      0x140 CMakeFiles/VSC_G071RB.elf.dir/Lib/SEGGER_RTT/SEGGER_RTT.c.obj

.debug_ranges   0x00000000      0x7f0
 .debug_ranges  0x00000000       0x18 CMakeFiles/VSC_G071RB.elf.dir/main/main.c.obj
 .debug_ranges  0x00000018       0x30 CMakeFiles/VSC_G071RB.elf.dir/Device/stm32g0xx_it.c.obj
 .debug_ranges  0x00000048       0x18 CMakeFiles/VSC_G071RB.elf.dir/Device/system_stm32g0xx.c.obj
 .debug_ranges  0x00000060       0x20 CMakeFiles/VSC_G071RB.elf.dir/Device/startup_stm32g071xx.s.obj
 .debug_ranges  0x00000080       0x10 CMakeFiles/VSC_G071RB.elf.dir/Device/stm32g0xx_hal_msp.c.obj
 .debug_ranges  0x00000090      0x110 CMakeFiles/VSC_G071RB.elf.dir/Drivers/Src/stm32g0xx_hal.c.obj
 .debug_ranges  0x000001a0       0xa8 CMakeFiles/VSC_G071RB.elf.dir/Drivers/Src/stm32g0xx_hal_rcc.c.obj
 .debug_ranges  0x00000248       0x50 CMakeFiles/VSC_G071RB.elf.dir/Drivers/Src/stm32g0xx_hal_gpio.c.obj
 .debug_ranges  0x00000298       0xe0 CMakeFiles/VSC_G071RB.elf.dir/Drivers/Src/stm32g0xx_hal_cortex.c.obj
 .debug_ranges  0x00000378       0xe0 CMakeFiles/VSC_G071RB.elf.dir/Drivers/Src/stm32g0xx_hal_pwr_ex.c.obj
 .debug_ranges  0x00000458       0x30 CMakeFiles/VSC_G071RB.elf.dir/Lib/SEGGER_RTT/SEGGER_RTT_printf.c.obj
 .debug_ranges  0x00000488      0x368 CMakeFiles/VSC_G071RB.elf.dir/Lib/SEGGER_RTT/SEGGER_RTT.c.obj

.debug_line     0x00000000     0x51f3
 .debug_line    0x00000000      0x3aa CMakeFiles/VSC_G071RB.elf.dir/main/main.c.obj
 .debug_line    0x000003aa      0x20f CMakeFiles/VSC_G071RB.elf.dir/Device/stm32g0xx_it.c.obj
 .debug_line    0x000005b9      0x349 CMakeFiles/VSC_G071RB.elf.dir/Device/system_stm32g0xx.c.obj
 .debug_line    0x00000902       0xab CMakeFiles/VSC_G071RB.elf.dir/Device/startup_stm32g071xx.s.obj
 .debug_line    0x000009ad      0x21a CMakeFiles/VSC_G071RB.elf.dir/Device/stm32g0xx_hal_msp.c.obj
 .debug_line    0x00000bc7      0x6ea CMakeFiles/VSC_G071RB.elf.dir/Drivers/Src/stm32g0xx_hal.c.obj
 .debug_line    0x000012b1      0xddf CMakeFiles/VSC_G071RB.elf.dir/Drivers/Src/stm32g0xx_hal_rcc.c.obj
 .debug_line    0x00002090      0x701 CMakeFiles/VSC_G071RB.elf.dir/Drivers/Src/stm32g0xx_hal_gpio.c.obj
 .debug_line    0x00002791      0x6fa CMakeFiles/VSC_G071RB.elf.dir/Drivers/Src/stm32g0xx_hal_cortex.c.obj
 .debug_line    0x00002e8b      0x78e CMakeFiles/VSC_G071RB.elf.dir/Drivers/Src/stm32g0xx_hal_pwr_ex.c.obj
 .debug_line    0x00003619      0x685 CMakeFiles/VSC_G071RB.elf.dir/Lib/SEGGER_RTT/SEGGER_RTT_printf.c.obj
 .debug_line    0x00003c9e     0x1555 CMakeFiles/VSC_G071RB.elf.dir/Lib/SEGGER_RTT/SEGGER_RTT.c.obj

.debug_str      0x00000000     0x1ee0
 .debug_str     0x00000000      0x4a6 CMakeFiles/VSC_G071RB.elf.dir/main/main.c.obj
                                0x50a (size before relaxing)
 .debug_str     0x000004a6       0x98 CMakeFiles/VSC_G071RB.elf.dir/Device/stm32g0xx_it.c.obj
                                0x213 (size before relaxing)
 .debug_str     0x0000053e       0xe9 CMakeFiles/VSC_G071RB.elf.dir/Device/system_stm32g0xx.c.obj
                                0x330 (size before relaxing)
 .debug_str     0x00000627       0x58 CMakeFiles/VSC_G071RB.elf.dir/Device/startup_stm32g071xx.s.obj
                                 0x8b (size before relaxing)
 .debug_str     0x0000067f       0x75 CMakeFiles/VSC_G071RB.elf.dir/Device/stm32g0xx_hal_msp.c.obj
                                0x2c8 (size before relaxing)
 .debug_str     0x000006f4      0x687 CMakeFiles/VSC_G071RB.elf.dir/Drivers/Src/stm32g0xx_hal.c.obj
                                0x993 (size before relaxing)
 .debug_str     0x00000d7b      0x257 CMakeFiles/VSC_G071RB.elf.dir/Drivers/Src/stm32g0xx_hal_rcc.c.obj
                                0x7a0 (size before relaxing)
 .debug_str     0x00000fd2      0x19c CMakeFiles/VSC_G071RB.elf.dir/Drivers/Src/stm32g0xx_hal_gpio.c.obj
                                0x421 (size before relaxing)
 .debug_str     0x0000116e      0x339 CMakeFiles/VSC_G071RB.elf.dir/Drivers/Src/stm32g0xx_hal_cortex.c.obj
                                0x779 (size before relaxing)
 .debug_str     0x000014a7      0x3c1 CMakeFiles/VSC_G071RB.elf.dir/Drivers/Src/stm32g0xx_hal_pwr_ex.c.obj
                                0x6c7 (size before relaxing)
 .debug_str     0x00001868      0x16b CMakeFiles/VSC_G071RB.elf.dir/Lib/SEGGER_RTT/SEGGER_RTT_printf.c.obj
                                0x31f (size before relaxing)
 .debug_str     0x000019d3      0x50d CMakeFiles/VSC_G071RB.elf.dir/Lib/SEGGER_RTT/SEGGER_RTT.c.obj
                                0x6ee (size before relaxing)

.comment        0x00000000       0x49
 .comment       0x00000000       0x49 CMakeFiles/VSC_G071RB.elf.dir/main/main.c.obj
                                 0x4a (size before relaxing)
 .comment       0x00000049       0x4a CMakeFiles/VSC_G071RB.elf.dir/Device/stm32g0xx_it.c.obj
 .comment       0x00000049       0x4a CMakeFiles/VSC_G071RB.elf.dir/Device/system_stm32g0xx.c.obj
 .comment       0x00000049       0x4a CMakeFiles/VSC_G071RB.elf.dir/Device/stm32g0xx_hal_msp.c.obj
 .comment       0x00000049       0x4a CMakeFiles/VSC_G071RB.elf.dir/Drivers/Src/stm32g0xx_hal.c.obj
 .comment       0x00000049       0x4a CMakeFiles/VSC_G071RB.elf.dir/Drivers/Src/stm32g0xx_hal_rcc.c.obj
 .comment       0x00000049       0x4a CMakeFiles/VSC_G071RB.elf.dir/Drivers/Src/stm32g0xx_hal_gpio.c.obj
 .comment       0x00000049       0x4a CMakeFiles/VSC_G071RB.elf.dir/Drivers/Src/stm32g0xx_hal_cortex.c.obj
 .comment       0x00000049       0x4a CMakeFiles/VSC_G071RB.elf.dir/Drivers/Src/stm32g0xx_hal_pwr_ex.c.obj
 .comment       0x00000049       0x4a CMakeFiles/VSC_G071RB.elf.dir/Lib/SEGGER_RTT/SEGGER_RTT_printf.c.obj
 .comment       0x00000049       0x4a CMakeFiles/VSC_G071RB.elf.dir/Lib/SEGGER_RTT/SEGGER_RTT.c.obj

Cross Reference Table

Symbol                                            File
ADC1_COMP_IRQHandler                              CMakeFiles/VSC_G071RB.elf.dir/Device/startup_stm32g071xx.s.obj
AHBPrescTable                                     CMakeFiles/VSC_G071RB.elf.dir/Device/system_stm32g0xx.c.obj
                                                  CMakeFiles/VSC_G071RB.elf.dir/Drivers/Src/stm32g0xx_hal_rcc.c.obj
APBPrescTable                                     CMakeFiles/VSC_G071RB.elf.dir/Device/system_stm32g0xx.c.obj
                                                  CMakeFiles/VSC_G071RB.elf.dir/Drivers/Src/stm32g0xx_hal_rcc.c.obj
CEC_IRQHandler                                    CMakeFiles/VSC_G071RB.elf.dir/Device/startup_stm32g071xx.s.obj
DMA1_Ch4_7_DMAMUX1_OVR_IRQHandler                 CMakeFiles/VSC_G071RB.elf.dir/Device/startup_stm32g071xx.s.obj
DMA1_Channel1_IRQHandler                          CMakeFiles/VSC_G071RB.elf.dir/Device/startup_stm32g071xx.s.obj
DMA1_Channel2_3_IRQHandler                        CMakeFiles/VSC_G071RB.elf.dir/Device/startup_stm32g071xx.s.obj
Default_Handler                                   CMakeFiles/VSC_G071RB.elf.dir/Device/startup_stm32g071xx.s.obj
EXTI0_1_IRQHandler                                CMakeFiles/VSC_G071RB.elf.dir/Device/startup_stm32g071xx.s.obj
EXTI2_3_IRQHandler                                CMakeFiles/VSC_G071RB.elf.dir/Device/startup_stm32g071xx.s.obj
EXTI4_15_IRQHandler                               CMakeFiles/VSC_G071RB.elf.dir/Device/startup_stm32g071xx.s.obj
FLASH_FlushCaches                                 CMakeFiles/VSC_G071RB.elf.dir/Drivers/Src/stm32g0xx_hal_flash_ex.c.obj
FLASH_IRQHandler                                  CMakeFiles/VSC_G071RB.elf.dir/Device/startup_stm32g071xx.s.obj
FLASH_PageErase                                   CMakeFiles/VSC_G071RB.elf.dir/Drivers/Src/stm32g0xx_hal_flash_ex.c.obj
                                                  CMakeFiles/VSC_G071RB.elf.dir/Drivers/Src/stm32g0xx_hal_flash.c.obj
FLASH_WaitForLastOperation                        CMakeFiles/VSC_G071RB.elf.dir/Drivers/Src/stm32g0xx_hal_flash.c.obj
                                                  CMakeFiles/VSC_G071RB.elf.dir/Drivers/Src/stm32g0xx_hal_flash_ex.c.obj
HAL_DBGMCU_DisableDBGStandbyMode                  CMakeFiles/VSC_G071RB.elf.dir/Drivers/Src/stm32g0xx_hal.c.obj
HAL_DBGMCU_DisableDBGStopMode                     CMakeFiles/VSC_G071RB.elf.dir/Drivers/Src/stm32g0xx_hal.c.obj
HAL_DBGMCU_EnableDBGStandbyMode                   CMakeFiles/VSC_G071RB.elf.dir/Drivers/Src/stm32g0xx_hal.c.obj
HAL_DBGMCU_EnableDBGStopMode                      CMakeFiles/VSC_G071RB.elf.dir/Drivers/Src/stm32g0xx_hal.c.obj
HAL_DMAEx_ConfigMuxRequestGenerator               CMakeFiles/VSC_G071RB.elf.dir/Drivers/Src/stm32g0xx_hal_dma_ex.c.obj
HAL_DMAEx_ConfigMuxSync                           CMakeFiles/VSC_G071RB.elf.dir/Drivers/Src/stm32g0xx_hal_dma_ex.c.obj
HAL_DMAEx_DisableMuxRequestGenerator              CMakeFiles/VSC_G071RB.elf.dir/Drivers/Src/stm32g0xx_hal_dma_ex.c.obj
HAL_DMAEx_EnableMuxRequestGenerator               CMakeFiles/VSC_G071RB.elf.dir/Drivers/Src/stm32g0xx_hal_dma_ex.c.obj
HAL_DMAEx_MUX_IRQHandler                          CMakeFiles/VSC_G071RB.elf.dir/Drivers/Src/stm32g0xx_hal_dma_ex.c.obj
HAL_DMA_Abort                                     CMakeFiles/VSC_G071RB.elf.dir/Drivers/Src/stm32g0xx_hal_dma.c.obj
HAL_DMA_Abort_IT                                  CMakeFiles/VSC_G071RB.elf.dir/Drivers/Src/stm32g0xx_hal_dma.c.obj
                                                  CMakeFiles/VSC_G071RB.elf.dir/Drivers/Src/stm32g0xx_hal_tim_ex.c.obj
                                                  CMakeFiles/VSC_G071RB.elf.dir/Drivers/Src/stm32g0xx_hal_tim.c.obj
HAL_DMA_DeInit                                    CMakeFiles/VSC_G071RB.elf.dir/Drivers/Src/stm32g0xx_hal_dma.c.obj
HAL_DMA_GetError                                  CMakeFiles/VSC_G071RB.elf.dir/Drivers/Src/stm32g0xx_hal_dma.c.obj
HAL_DMA_GetState                                  CMakeFiles/VSC_G071RB.elf.dir/Drivers/Src/stm32g0xx_hal_dma.c.obj
HAL_DMA_IRQHandler                                CMakeFiles/VSC_G071RB.elf.dir/Drivers/Src/stm32g0xx_hal_dma.c.obj
HAL_DMA_Init                                      CMakeFiles/VSC_G071RB.elf.dir/Drivers/Src/stm32g0xx_hal_dma.c.obj
HAL_DMA_PollForTransfer                           CMakeFiles/VSC_G071RB.elf.dir/Drivers/Src/stm32g0xx_hal_dma.c.obj
HAL_DMA_RegisterCallback                          CMakeFiles/VSC_G071RB.elf.dir/Drivers/Src/stm32g0xx_hal_dma.c.obj
HAL_DMA_Start                                     CMakeFiles/VSC_G071RB.elf.dir/Drivers/Src/stm32g0xx_hal_dma.c.obj
HAL_DMA_Start_IT                                  CMakeFiles/VSC_G071RB.elf.dir/Drivers/Src/stm32g0xx_hal_dma.c.obj
                                                  CMakeFiles/VSC_G071RB.elf.dir/Drivers/Src/stm32g0xx_hal_tim_ex.c.obj
                                                  CMakeFiles/VSC_G071RB.elf.dir/Drivers/Src/stm32g0xx_hal_tim.c.obj
HAL_DMA_UnRegisterCallback                        CMakeFiles/VSC_G071RB.elf.dir/Drivers/Src/stm32g0xx_hal_dma.c.obj
HAL_DeInit                                        CMakeFiles/VSC_G071RB.elf.dir/Drivers/Src/stm32g0xx_hal.c.obj
HAL_Delay                                         CMakeFiles/VSC_G071RB.elf.dir/Drivers/Src/stm32g0xx_hal.c.obj
                                                  CMakeFiles/VSC_G071RB.elf.dir/main/main.c.obj
HAL_EXTI_ClearConfigLine                          CMakeFiles/VSC_G071RB.elf.dir/Drivers/Src/stm32g0xx_hal_exti.c.obj
HAL_EXTI_ClearPending                             CMakeFiles/VSC_G071RB.elf.dir/Drivers/Src/stm32g0xx_hal_exti.c.obj
HAL_EXTI_GenerateSWI                              CMakeFiles/VSC_G071RB.elf.dir/Drivers/Src/stm32g0xx_hal_exti.c.obj
HAL_EXTI_GetConfigLine                            CMakeFiles/VSC_G071RB.elf.dir/Drivers/Src/stm32g0xx_hal_exti.c.obj
HAL_EXTI_GetHandle                                CMakeFiles/VSC_G071RB.elf.dir/Drivers/Src/stm32g0xx_hal_exti.c.obj
HAL_EXTI_GetPending                               CMakeFiles/VSC_G071RB.elf.dir/Drivers/Src/stm32g0xx_hal_exti.c.obj
HAL_EXTI_IRQHandler                               CMakeFiles/VSC_G071RB.elf.dir/Drivers/Src/stm32g0xx_hal_exti.c.obj
HAL_EXTI_RegisterCallback                         CMakeFiles/VSC_G071RB.elf.dir/Drivers/Src/stm32g0xx_hal_exti.c.obj
HAL_EXTI_SetConfigLine                            CMakeFiles/VSC_G071RB.elf.dir/Drivers/Src/stm32g0xx_hal_exti.c.obj
HAL_FLASHEx_DisableDebugger                       CMakeFiles/VSC_G071RB.elf.dir/Drivers/Src/stm32g0xx_hal_flash_ex.c.obj
HAL_FLASHEx_EnableDebugger                        CMakeFiles/VSC_G071RB.elf.dir/Drivers/Src/stm32g0xx_hal_flash_ex.c.obj
HAL_FLASHEx_EnableSecMemProtection                CMakeFiles/VSC_G071RB.elf.dir/Drivers/Src/stm32g0xx_hal_flash_ex.c.obj
HAL_FLASHEx_Erase                                 CMakeFiles/VSC_G071RB.elf.dir/Drivers/Src/stm32g0xx_hal_flash_ex.c.obj
HAL_FLASHEx_Erase_IT                              CMakeFiles/VSC_G071RB.elf.dir/Drivers/Src/stm32g0xx_hal_flash_ex.c.obj
HAL_FLASHEx_FlashEmptyCheck                       CMakeFiles/VSC_G071RB.elf.dir/Drivers/Src/stm32g0xx_hal_flash_ex.c.obj
HAL_FLASHEx_ForceFlashEmpty                       CMakeFiles/VSC_G071RB.elf.dir/Drivers/Src/stm32g0xx_hal_flash_ex.c.obj
HAL_FLASHEx_OBGetConfig                           CMakeFiles/VSC_G071RB.elf.dir/Drivers/Src/stm32g0xx_hal_flash_ex.c.obj
HAL_FLASHEx_OBProgram                             CMakeFiles/VSC_G071RB.elf.dir/Drivers/Src/stm32g0xx_hal_flash_ex.c.obj
HAL_FLASH_EndOfOperationCallback                  CMakeFiles/VSC_G071RB.elf.dir/Drivers/Src/stm32g0xx_hal_flash.c.obj
HAL_FLASH_GetError                                CMakeFiles/VSC_G071RB.elf.dir/Drivers/Src/stm32g0xx_hal_flash.c.obj
HAL_FLASH_IRQHandler                              CMakeFiles/VSC_G071RB.elf.dir/Drivers/Src/stm32g0xx_hal_flash.c.obj
HAL_FLASH_Lock                                    CMakeFiles/VSC_G071RB.elf.dir/Drivers/Src/stm32g0xx_hal_flash.c.obj
HAL_FLASH_OB_Launch                               CMakeFiles/VSC_G071RB.elf.dir/Drivers/Src/stm32g0xx_hal_flash.c.obj
HAL_FLASH_OB_Lock                                 CMakeFiles/VSC_G071RB.elf.dir/Drivers/Src/stm32g0xx_hal_flash.c.obj
HAL_FLASH_OB_Unlock                               CMakeFiles/VSC_G071RB.elf.dir/Drivers/Src/stm32g0xx_hal_flash.c.obj
HAL_FLASH_OperationErrorCallback                  CMakeFiles/VSC_G071RB.elf.dir/Drivers/Src/stm32g0xx_hal_flash.c.obj
HAL_FLASH_Program                                 CMakeFiles/VSC_G071RB.elf.dir/Drivers/Src/stm32g0xx_hal_flash.c.obj
HAL_FLASH_Program_IT                              CMakeFiles/VSC_G071RB.elf.dir/Drivers/Src/stm32g0xx_hal_flash.c.obj
HAL_FLASH_Unlock                                  CMakeFiles/VSC_G071RB.elf.dir/Drivers/Src/stm32g0xx_hal_flash.c.obj
HAL_GPIO_DeInit                                   CMakeFiles/VSC_G071RB.elf.dir/Drivers/Src/stm32g0xx_hal_gpio.c.obj
HAL_GPIO_EXTI_Falling_Callback                    CMakeFiles/VSC_G071RB.elf.dir/Drivers/Src/stm32g0xx_hal_gpio.c.obj
HAL_GPIO_EXTI_IRQHandler                          CMakeFiles/VSC_G071RB.elf.dir/Drivers/Src/stm32g0xx_hal_gpio.c.obj
HAL_GPIO_EXTI_Rising_Callback                     CMakeFiles/VSC_G071RB.elf.dir/Drivers/Src/stm32g0xx_hal_gpio.c.obj
HAL_GPIO_Init                                     CMakeFiles/VSC_G071RB.elf.dir/Drivers/Src/stm32g0xx_hal_gpio.c.obj
                                                  CMakeFiles/VSC_G071RB.elf.dir/Drivers/Src/stm32g0xx_hal_rcc_ex.c.obj
                                                  CMakeFiles/VSC_G071RB.elf.dir/Drivers/Src/stm32g0xx_hal_rcc.c.obj
                                                  CMakeFiles/VSC_G071RB.elf.dir/main/main.c.obj
HAL_GPIO_LockPin                                  CMakeFiles/VSC_G071RB.elf.dir/Drivers/Src/stm32g0xx_hal_gpio.c.obj
HAL_GPIO_ReadPin                                  CMakeFiles/VSC_G071RB.elf.dir/Drivers/Src/stm32g0xx_hal_gpio.c.obj
HAL_GPIO_TogglePin                                CMakeFiles/VSC_G071RB.elf.dir/Drivers/Src/stm32g0xx_hal_gpio.c.obj
                                                  CMakeFiles/VSC_G071RB.elf.dir/main/main.c.obj
HAL_GPIO_WritePin                                 CMakeFiles/VSC_G071RB.elf.dir/Drivers/Src/stm32g0xx_hal_gpio.c.obj
HAL_GetDEVID                                      CMakeFiles/VSC_G071RB.elf.dir/Drivers/Src/stm32g0xx_hal.c.obj
HAL_GetHalVersion                                 CMakeFiles/VSC_G071RB.elf.dir/Drivers/Src/stm32g0xx_hal.c.obj
HAL_GetREVID                                      CMakeFiles/VSC_G071RB.elf.dir/Drivers/Src/stm32g0xx_hal.c.obj
HAL_GetTick                                       CMakeFiles/VSC_G071RB.elf.dir/Drivers/Src/stm32g0xx_hal.c.obj
                                                  CMakeFiles/VSC_G071RB.elf.dir/Drivers/Src/stm32g0xx_hal_tim_ex.c.obj
                                                  CMakeFiles/VSC_G071RB.elf.dir/Drivers/Src/stm32g0xx_hal_dma.c.obj
                                                  CMakeFiles/VSC_G071RB.elf.dir/Drivers/Src/stm32g0xx_hal_flash.c.obj
                                                  CMakeFiles/VSC_G071RB.elf.dir/Drivers/Src/stm32g0xx_hal_rcc_ex.c.obj
                                                  CMakeFiles/VSC_G071RB.elf.dir/Drivers/Src/stm32g0xx_hal_rcc.c.obj
HAL_GetTickFreq                                   CMakeFiles/VSC_G071RB.elf.dir/Drivers/Src/stm32g0xx_hal.c.obj
HAL_GetTickPrio                                   CMakeFiles/VSC_G071RB.elf.dir/Drivers/Src/stm32g0xx_hal.c.obj
HAL_GetUIDw0                                      CMakeFiles/VSC_G071RB.elf.dir/Drivers/Src/stm32g0xx_hal.c.obj
HAL_GetUIDw1                                      CMakeFiles/VSC_G071RB.elf.dir/Drivers/Src/stm32g0xx_hal.c.obj
HAL_GetUIDw2                                      CMakeFiles/VSC_G071RB.elf.dir/Drivers/Src/stm32g0xx_hal.c.obj
HAL_IncTick                                       CMakeFiles/VSC_G071RB.elf.dir/Drivers/Src/stm32g0xx_hal.c.obj
                                                  CMakeFiles/VSC_G071RB.elf.dir/Device/stm32g0xx_it.c.obj
HAL_Init                                          CMakeFiles/VSC_G071RB.elf.dir/Drivers/Src/stm32g0xx_hal.c.obj
                                                  CMakeFiles/VSC_G071RB.elf.dir/main/main.c.obj
HAL_InitTick                                      CMakeFiles/VSC_G071RB.elf.dir/Drivers/Src/stm32g0xx_hal.c.obj
                                                  CMakeFiles/VSC_G071RB.elf.dir/Drivers/Src/stm32g0xx_hal_rcc.c.obj
HAL_MPU_ConfigRegion                              CMakeFiles/VSC_G071RB.elf.dir/Drivers/Src/stm32g0xx_hal_cortex.c.obj
HAL_MPU_Disable                                   CMakeFiles/VSC_G071RB.elf.dir/Drivers/Src/stm32g0xx_hal_cortex.c.obj
HAL_MPU_Enable                                    CMakeFiles/VSC_G071RB.elf.dir/Drivers/Src/stm32g0xx_hal_cortex.c.obj
HAL_MspDeInit                                     CMakeFiles/VSC_G071RB.elf.dir/Drivers/Src/stm32g0xx_hal.c.obj
HAL_MspInit                                       CMakeFiles/VSC_G071RB.elf.dir/Device/stm32g0xx_hal_msp.c.obj
HAL_NVIC_ClearPendingIRQ                          CMakeFiles/VSC_G071RB.elf.dir/Drivers/Src/stm32g0xx_hal_cortex.c.obj
HAL_NVIC_DisableIRQ                               CMakeFiles/VSC_G071RB.elf.dir/Drivers/Src/stm32g0xx_hal_cortex.c.obj
HAL_NVIC_EnableIRQ                                CMakeFiles/VSC_G071RB.elf.dir/Drivers/Src/stm32g0xx_hal_cortex.c.obj
HAL_NVIC_GetPendingIRQ                            CMakeFiles/VSC_G071RB.elf.dir/Drivers/Src/stm32g0xx_hal_cortex.c.obj
HAL_NVIC_GetPriority                              CMakeFiles/VSC_G071RB.elf.dir/Drivers/Src/stm32g0xx_hal_cortex.c.obj
HAL_NVIC_SetPendingIRQ                            CMakeFiles/VSC_G071RB.elf.dir/Drivers/Src/stm32g0xx_hal_cortex.c.obj
HAL_NVIC_SetPriority                              CMakeFiles/VSC_G071RB.elf.dir/Drivers/Src/stm32g0xx_hal_cortex.c.obj
                                                  CMakeFiles/VSC_G071RB.elf.dir/Drivers/Src/stm32g0xx_hal.c.obj
HAL_NVIC_SystemReset                              CMakeFiles/VSC_G071RB.elf.dir/Drivers/Src/stm32g0xx_hal_cortex.c.obj
HAL_PWREx_ConfigPVD                               CMakeFiles/VSC_G071RB.elf.dir/Drivers/Src/stm32g0xx_hal_pwr_ex.c.obj
HAL_PWREx_ControlVoltageScaling                   CMakeFiles/VSC_G071RB.elf.dir/Drivers/Src/stm32g0xx_hal_pwr_ex.c.obj
                                                  CMakeFiles/VSC_G071RB.elf.dir/main/main.c.obj
HAL_PWREx_DisableBatteryCharging                  CMakeFiles/VSC_G071RB.elf.dir/Drivers/Src/stm32g0xx_hal_pwr_ex.c.obj
HAL_PWREx_DisableFlashPowerDown                   CMakeFiles/VSC_G071RB.elf.dir/Drivers/Src/stm32g0xx_hal_pwr_ex.c.obj
HAL_PWREx_DisableGPIOPullDown                     CMakeFiles/VSC_G071RB.elf.dir/Drivers/Src/stm32g0xx_hal_pwr_ex.c.obj
HAL_PWREx_DisableGPIOPullUp                       CMakeFiles/VSC_G071RB.elf.dir/Drivers/Src/stm32g0xx_hal_pwr_ex.c.obj
HAL_PWREx_DisableInternalWakeUpLine               CMakeFiles/VSC_G071RB.elf.dir/Drivers/Src/stm32g0xx_hal_pwr_ex.c.obj
HAL_PWREx_DisableLowPowerRunMode                  CMakeFiles/VSC_G071RB.elf.dir/Drivers/Src/stm32g0xx_hal_pwr_ex.c.obj
                                                  CMakeFiles/VSC_G071RB.elf.dir/Drivers/Src/stm32g0xx_hal_pwr.c.obj
HAL_PWREx_DisablePORMonitorSampling               CMakeFiles/VSC_G071RB.elf.dir/Drivers/Src/stm32g0xx_hal_pwr_ex.c.obj
HAL_PWREx_DisablePVD                              CMakeFiles/VSC_G071RB.elf.dir/Drivers/Src/stm32g0xx_hal_pwr_ex.c.obj
HAL_PWREx_DisablePullUpPullDownConfig             CMakeFiles/VSC_G071RB.elf.dir/Drivers/Src/stm32g0xx_hal_pwr_ex.c.obj
HAL_PWREx_DisableSRAMRetention                    CMakeFiles/VSC_G071RB.elf.dir/Drivers/Src/stm32g0xx_hal_pwr_ex.c.obj
HAL_PWREx_EnableBatteryCharging                   CMakeFiles/VSC_G071RB.elf.dir/Drivers/Src/stm32g0xx_hal_pwr_ex.c.obj
HAL_PWREx_EnableFlashPowerDown                    CMakeFiles/VSC_G071RB.elf.dir/Drivers/Src/stm32g0xx_hal_pwr_ex.c.obj
HAL_PWREx_EnableGPIOPullDown                      CMakeFiles/VSC_G071RB.elf.dir/Drivers/Src/stm32g0xx_hal_pwr_ex.c.obj
HAL_PWREx_EnableGPIOPullUp                        CMakeFiles/VSC_G071RB.elf.dir/Drivers/Src/stm32g0xx_hal_pwr_ex.c.obj
HAL_PWREx_EnableInternalWakeUpLine                CMakeFiles/VSC_G071RB.elf.dir/Drivers/Src/stm32g0xx_hal_pwr_ex.c.obj
HAL_PWREx_EnableLowPowerRunMode                   CMakeFiles/VSC_G071RB.elf.dir/Drivers/Src/stm32g0xx_hal_pwr_ex.c.obj
                                                  CMakeFiles/VSC_G071RB.elf.dir/Drivers/Src/stm32g0xx_hal_pwr.c.obj
HAL_PWREx_EnablePORMonitorSampling                CMakeFiles/VSC_G071RB.elf.dir/Drivers/Src/stm32g0xx_hal_pwr_ex.c.obj
HAL_PWREx_EnablePVD                               CMakeFiles/VSC_G071RB.elf.dir/Drivers/Src/stm32g0xx_hal_pwr_ex.c.obj
HAL_PWREx_EnablePullUpPullDownConfig              CMakeFiles/VSC_G071RB.elf.dir/Drivers/Src/stm32g0xx_hal_pwr_ex.c.obj
HAL_PWREx_EnableSRAMRetention                     CMakeFiles/VSC_G071RB.elf.dir/Drivers/Src/stm32g0xx_hal_pwr_ex.c.obj
HAL_PWREx_EnterSHUTDOWNMode                       CMakeFiles/VSC_G071RB.elf.dir/Drivers/Src/stm32g0xx_hal_pwr_ex.c.obj
HAL_PWREx_GetVoltageRange                         CMakeFiles/VSC_G071RB.elf.dir/Drivers/Src/stm32g0xx_hal_pwr_ex.c.obj
HAL_PWREx_PVD_Falling_Callback                    CMakeFiles/VSC_G071RB.elf.dir/Drivers/Src/stm32g0xx_hal_pwr_ex.c.obj
HAL_PWREx_PVD_IRQHandler                          CMakeFiles/VSC_G071RB.elf.dir/Drivers/Src/stm32g0xx_hal_pwr_ex.c.obj
HAL_PWREx_PVD_Rising_Callback                     CMakeFiles/VSC_G071RB.elf.dir/Drivers/Src/stm32g0xx_hal_pwr_ex.c.obj
HAL_PWR_DeInit                                    CMakeFiles/VSC_G071RB.elf.dir/Drivers/Src/stm32g0xx_hal_pwr.c.obj
HAL_PWR_DisableBkUpAccess                         CMakeFiles/VSC_G071RB.elf.dir/Drivers/Src/stm32g0xx_hal_pwr.c.obj
                                                  CMakeFiles/VSC_G071RB.elf.dir/Drivers/Src/stm32g0xx_hal_rcc_ex.c.obj
HAL_PWR_DisableSEVOnPend                          CMakeFiles/VSC_G071RB.elf.dir/Drivers/Src/stm32g0xx_hal_pwr.c.obj
HAL_PWR_DisableSleepOnExit                        CMakeFiles/VSC_G071RB.elf.dir/Drivers/Src/stm32g0xx_hal_pwr.c.obj
HAL_PWR_DisableWakeUpPin                          CMakeFiles/VSC_G071RB.elf.dir/Drivers/Src/stm32g0xx_hal_pwr.c.obj
HAL_PWR_EnableBkUpAccess                          CMakeFiles/VSC_G071RB.elf.dir/Drivers/Src/stm32g0xx_hal_pwr.c.obj
                                                  CMakeFiles/VSC_G071RB.elf.dir/Drivers/Src/stm32g0xx_hal_rcc_ex.c.obj
HAL_PWR_EnableSEVOnPend                           CMakeFiles/VSC_G071RB.elf.dir/Drivers/Src/stm32g0xx_hal_pwr.c.obj
HAL_PWR_EnableSleepOnExit                         CMakeFiles/VSC_G071RB.elf.dir/Drivers/Src/stm32g0xx_hal_pwr.c.obj
HAL_PWR_EnableWakeUpPin                           CMakeFiles/VSC_G071RB.elf.dir/Drivers/Src/stm32g0xx_hal_pwr.c.obj
HAL_PWR_EnterSLEEPMode                            CMakeFiles/VSC_G071RB.elf.dir/Drivers/Src/stm32g0xx_hal_pwr.c.obj
HAL_PWR_EnterSTANDBYMode                          CMakeFiles/VSC_G071RB.elf.dir/Drivers/Src/stm32g0xx_hal_pwr.c.obj
HAL_PWR_EnterSTOPMode                             CMakeFiles/VSC_G071RB.elf.dir/Drivers/Src/stm32g0xx_hal_pwr.c.obj
HAL_RCCEx_DisableLSCO                             CMakeFiles/VSC_G071RB.elf.dir/Drivers/Src/stm32g0xx_hal_rcc_ex.c.obj
HAL_RCCEx_EnableLSCO                              CMakeFiles/VSC_G071RB.elf.dir/Drivers/Src/stm32g0xx_hal_rcc_ex.c.obj
HAL_RCCEx_GetPeriphCLKConfig                      CMakeFiles/VSC_G071RB.elf.dir/Drivers/Src/stm32g0xx_hal_rcc_ex.c.obj
HAL_RCCEx_GetPeriphCLKFreq                        CMakeFiles/VSC_G071RB.elf.dir/Drivers/Src/stm32g0xx_hal_rcc_ex.c.obj
HAL_RCCEx_PeriphCLKConfig                         CMakeFiles/VSC_G071RB.elf.dir/Drivers/Src/stm32g0xx_hal_rcc_ex.c.obj
HAL_RCC_CSSCallback                               CMakeFiles/VSC_G071RB.elf.dir/Drivers/Src/stm32g0xx_hal_rcc.c.obj
HAL_RCC_ClockConfig                               CMakeFiles/VSC_G071RB.elf.dir/Drivers/Src/stm32g0xx_hal_rcc.c.obj
                                                  CMakeFiles/VSC_G071RB.elf.dir/main/main.c.obj
HAL_RCC_DeInit                                    CMakeFiles/VSC_G071RB.elf.dir/Drivers/Src/stm32g0xx_hal_rcc.c.obj
HAL_RCC_DisableLSECSS                             CMakeFiles/VSC_G071RB.elf.dir/Drivers/Src/stm32g0xx_hal_rcc.c.obj
HAL_RCC_EnableCSS                                 CMakeFiles/VSC_G071RB.elf.dir/Drivers/Src/stm32g0xx_hal_rcc.c.obj
HAL_RCC_EnableLSECSS                              CMakeFiles/VSC_G071RB.elf.dir/Drivers/Src/stm32g0xx_hal_rcc.c.obj
HAL_RCC_GetClockConfig                            CMakeFiles/VSC_G071RB.elf.dir/Drivers/Src/stm32g0xx_hal_rcc.c.obj
HAL_RCC_GetHCLKFreq                               CMakeFiles/VSC_G071RB.elf.dir/Drivers/Src/stm32g0xx_hal_rcc.c.obj
HAL_RCC_GetOscConfig                              CMakeFiles/VSC_G071RB.elf.dir/Drivers/Src/stm32g0xx_hal_rcc.c.obj
HAL_RCC_GetPCLK1Freq                              CMakeFiles/VSC_G071RB.elf.dir/Drivers/Src/stm32g0xx_hal_rcc.c.obj
                                                  CMakeFiles/VSC_G071RB.elf.dir/Drivers/Src/stm32g0xx_hal_rcc_ex.c.obj
HAL_RCC_GetResetSource                            CMakeFiles/VSC_G071RB.elf.dir/Drivers/Src/stm32g0xx_hal_rcc.c.obj
HAL_RCC_GetSysClockFreq                           CMakeFiles/VSC_G071RB.elf.dir/Drivers/Src/stm32g0xx_hal_rcc.c.obj
                                                  CMakeFiles/VSC_G071RB.elf.dir/Drivers/Src/stm32g0xx_hal_rcc_ex.c.obj
HAL_RCC_LSECSSCallback                            CMakeFiles/VSC_G071RB.elf.dir/Drivers/Src/stm32g0xx_hal_rcc.c.obj
HAL_RCC_MCOConfig                                 CMakeFiles/VSC_G071RB.elf.dir/Drivers/Src/stm32g0xx_hal_rcc.c.obj
HAL_RCC_NMI_IRQHandler                            CMakeFiles/VSC_G071RB.elf.dir/Drivers/Src/stm32g0xx_hal_rcc.c.obj
HAL_RCC_OscConfig                                 CMakeFiles/VSC_G071RB.elf.dir/Drivers/Src/stm32g0xx_hal_rcc.c.obj
                                                  CMakeFiles/VSC_G071RB.elf.dir/main/main.c.obj
HAL_ResumeTick                                    CMakeFiles/VSC_G071RB.elf.dir/Drivers/Src/stm32g0xx_hal.c.obj
HAL_SYSCFG_DisableIOAnalogSwitchBooster           CMakeFiles/VSC_G071RB.elf.dir/Drivers/Src/stm32g0xx_hal.c.obj
HAL_SYSCFG_DisableRemap                           CMakeFiles/VSC_G071RB.elf.dir/Drivers/Src/stm32g0xx_hal.c.obj
HAL_SYSCFG_DisableVREFBUF                         CMakeFiles/VSC_G071RB.elf.dir/Drivers/Src/stm32g0xx_hal.c.obj
HAL_SYSCFG_EnableIOAnalogSwitchBooster            CMakeFiles/VSC_G071RB.elf.dir/Drivers/Src/stm32g0xx_hal.c.obj
HAL_SYSCFG_EnableRemap                            CMakeFiles/VSC_G071RB.elf.dir/Drivers/Src/stm32g0xx_hal.c.obj
HAL_SYSCFG_EnableVREFBUF                          CMakeFiles/VSC_G071RB.elf.dir/Drivers/Src/stm32g0xx_hal.c.obj
HAL_SYSCFG_StrobeDBattpinsConfig                  CMakeFiles/VSC_G071RB.elf.dir/Drivers/Src/stm32g0xx_hal.c.obj
                                                  CMakeFiles/VSC_G071RB.elf.dir/Device/stm32g0xx_hal_msp.c.obj
HAL_SYSCFG_VREFBUF_HighImpedanceConfig            CMakeFiles/VSC_G071RB.elf.dir/Drivers/Src/stm32g0xx_hal.c.obj
HAL_SYSCFG_VREFBUF_TrimmingConfig                 CMakeFiles/VSC_G071RB.elf.dir/Drivers/Src/stm32g0xx_hal.c.obj
HAL_SYSCFG_VREFBUF_VoltageScalingConfig           CMakeFiles/VSC_G071RB.elf.dir/Drivers/Src/stm32g0xx_hal.c.obj
HAL_SYSTICK_CLKSourceConfig                       CMakeFiles/VSC_G071RB.elf.dir/Drivers/Src/stm32g0xx_hal_cortex.c.obj
HAL_SYSTICK_Callback                              CMakeFiles/VSC_G071RB.elf.dir/Drivers/Src/stm32g0xx_hal_cortex.c.obj
HAL_SYSTICK_Config                                CMakeFiles/VSC_G071RB.elf.dir/Drivers/Src/stm32g0xx_hal_cortex.c.obj
                                                  CMakeFiles/VSC_G071RB.elf.dir/Drivers/Src/stm32g0xx_hal.c.obj
HAL_SYSTICK_IRQHandler                            CMakeFiles/VSC_G071RB.elf.dir/Drivers/Src/stm32g0xx_hal_cortex.c.obj
HAL_SetTickFreq                                   CMakeFiles/VSC_G071RB.elf.dir/Drivers/Src/stm32g0xx_hal.c.obj
HAL_SuspendTick                                   CMakeFiles/VSC_G071RB.elf.dir/Drivers/Src/stm32g0xx_hal.c.obj
HAL_TIMEx_Break2Callback                          CMakeFiles/VSC_G071RB.elf.dir/Drivers/Src/stm32g0xx_hal_tim_ex.c.obj
                                                  CMakeFiles/VSC_G071RB.elf.dir/Drivers/Src/stm32g0xx_hal_tim.c.obj
HAL_TIMEx_BreakCallback                           CMakeFiles/VSC_G071RB.elf.dir/Drivers/Src/stm32g0xx_hal_tim_ex.c.obj
                                                  CMakeFiles/VSC_G071RB.elf.dir/Drivers/Src/stm32g0xx_hal_tim.c.obj
HAL_TIMEx_CommutCallback                          CMakeFiles/VSC_G071RB.elf.dir/Drivers/Src/stm32g0xx_hal_tim_ex.c.obj
                                                  CMakeFiles/VSC_G071RB.elf.dir/Drivers/Src/stm32g0xx_hal_tim.c.obj
HAL_TIMEx_CommutHalfCpltCallback                  CMakeFiles/VSC_G071RB.elf.dir/Drivers/Src/stm32g0xx_hal_tim_ex.c.obj
HAL_TIMEx_ConfigBreakDeadTime                     CMakeFiles/VSC_G071RB.elf.dir/Drivers/Src/stm32g0xx_hal_tim_ex.c.obj
HAL_TIMEx_ConfigBreakInput                        CMakeFiles/VSC_G071RB.elf.dir/Drivers/Src/stm32g0xx_hal_tim_ex.c.obj
HAL_TIMEx_ConfigCommutEvent                       CMakeFiles/VSC_G071RB.elf.dir/Drivers/Src/stm32g0xx_hal_tim_ex.c.obj
HAL_TIMEx_ConfigCommutEvent_DMA                   CMakeFiles/VSC_G071RB.elf.dir/Drivers/Src/stm32g0xx_hal_tim_ex.c.obj
HAL_TIMEx_ConfigCommutEvent_IT                    CMakeFiles/VSC_G071RB.elf.dir/Drivers/Src/stm32g0xx_hal_tim_ex.c.obj
HAL_TIMEx_DisarmBreakInput                        CMakeFiles/VSC_G071RB.elf.dir/Drivers/Src/stm32g0xx_hal_tim_ex.c.obj
HAL_TIMEx_GetChannelNState                        CMakeFiles/VSC_G071RB.elf.dir/Drivers/Src/stm32g0xx_hal_tim_ex.c.obj
HAL_TIMEx_GroupChannel5                           CMakeFiles/VSC_G071RB.elf.dir/Drivers/Src/stm32g0xx_hal_tim_ex.c.obj
HAL_TIMEx_HallSensor_DeInit                       CMakeFiles/VSC_G071RB.elf.dir/Drivers/Src/stm32g0xx_hal_tim_ex.c.obj
HAL_TIMEx_HallSensor_GetState                     CMakeFiles/VSC_G071RB.elf.dir/Drivers/Src/stm32g0xx_hal_tim_ex.c.obj
HAL_TIMEx_HallSensor_Init                         CMakeFiles/VSC_G071RB.elf.dir/Drivers/Src/stm32g0xx_hal_tim_ex.c.obj
HAL_TIMEx_HallSensor_MspDeInit                    CMakeFiles/VSC_G071RB.elf.dir/Drivers/Src/stm32g0xx_hal_tim_ex.c.obj
HAL_TIMEx_HallSensor_MspInit                      CMakeFiles/VSC_G071RB.elf.dir/Drivers/Src/stm32g0xx_hal_tim_ex.c.obj
HAL_TIMEx_HallSensor_Start                        CMakeFiles/VSC_G071RB.elf.dir/Drivers/Src/stm32g0xx_hal_tim_ex.c.obj
HAL_TIMEx_HallSensor_Start_DMA                    CMakeFiles/VSC_G071RB.elf.dir/Drivers/Src/stm32g0xx_hal_tim_ex.c.obj
HAL_TIMEx_HallSensor_Start_IT                     CMakeFiles/VSC_G071RB.elf.dir/Drivers/Src/stm32g0xx_hal_tim_ex.c.obj
HAL_TIMEx_HallSensor_Stop                         CMakeFiles/VSC_G071RB.elf.dir/Drivers/Src/stm32g0xx_hal_tim_ex.c.obj
HAL_TIMEx_HallSensor_Stop_DMA                     CMakeFiles/VSC_G071RB.elf.dir/Drivers/Src/stm32g0xx_hal_tim_ex.c.obj
HAL_TIMEx_HallSensor_Stop_IT                      CMakeFiles/VSC_G071RB.elf.dir/Drivers/Src/stm32g0xx_hal_tim_ex.c.obj
HAL_TIMEx_MasterConfigSynchronization             CMakeFiles/VSC_G071RB.elf.dir/Drivers/Src/stm32g0xx_hal_tim_ex.c.obj
HAL_TIMEx_OCN_Start                               CMakeFiles/VSC_G071RB.elf.dir/Drivers/Src/stm32g0xx_hal_tim_ex.c.obj
HAL_TIMEx_OCN_Start_DMA                           CMakeFiles/VSC_G071RB.elf.dir/Drivers/Src/stm32g0xx_hal_tim_ex.c.obj
HAL_TIMEx_OCN_Start_IT                            CMakeFiles/VSC_G071RB.elf.dir/Drivers/Src/stm32g0xx_hal_tim_ex.c.obj
HAL_TIMEx_OCN_Stop                                CMakeFiles/VSC_G071RB.elf.dir/Drivers/Src/stm32g0xx_hal_tim_ex.c.obj
HAL_TIMEx_OCN_Stop_DMA                            CMakeFiles/VSC_G071RB.elf.dir/Drivers/Src/stm32g0xx_hal_tim_ex.c.obj
HAL_TIMEx_OCN_Stop_IT                             CMakeFiles/VSC_G071RB.elf.dir/Drivers/Src/stm32g0xx_hal_tim_ex.c.obj
HAL_TIMEx_OnePulseN_Start                         CMakeFiles/VSC_G071RB.elf.dir/Drivers/Src/stm32g0xx_hal_tim_ex.c.obj
HAL_TIMEx_OnePulseN_Start_IT                      CMakeFiles/VSC_G071RB.elf.dir/Drivers/Src/stm32g0xx_hal_tim_ex.c.obj
HAL_TIMEx_OnePulseN_Stop                          CMakeFiles/VSC_G071RB.elf.dir/Drivers/Src/stm32g0xx_hal_tim_ex.c.obj
HAL_TIMEx_OnePulseN_Stop_IT                       CMakeFiles/VSC_G071RB.elf.dir/Drivers/Src/stm32g0xx_hal_tim_ex.c.obj
HAL_TIMEx_PWMN_Start                              CMakeFiles/VSC_G071RB.elf.dir/Drivers/Src/stm32g0xx_hal_tim_ex.c.obj
HAL_TIMEx_PWMN_Start_DMA                          CMakeFiles/VSC_G071RB.elf.dir/Drivers/Src/stm32g0xx_hal_tim_ex.c.obj
HAL_TIMEx_PWMN_Start_IT                           CMakeFiles/VSC_G071RB.elf.dir/Drivers/Src/stm32g0xx_hal_tim_ex.c.obj
HAL_TIMEx_PWMN_Stop                               CMakeFiles/VSC_G071RB.elf.dir/Drivers/Src/stm32g0xx_hal_tim_ex.c.obj
HAL_TIMEx_PWMN_Stop_DMA                           CMakeFiles/VSC_G071RB.elf.dir/Drivers/Src/stm32g0xx_hal_tim_ex.c.obj
HAL_TIMEx_PWMN_Stop_IT                            CMakeFiles/VSC_G071RB.elf.dir/Drivers/Src/stm32g0xx_hal_tim_ex.c.obj
HAL_TIMEx_ReArmBreakInput                         CMakeFiles/VSC_G071RB.elf.dir/Drivers/Src/stm32g0xx_hal_tim_ex.c.obj
HAL_TIMEx_RemapConfig                             CMakeFiles/VSC_G071RB.elf.dir/Drivers/Src/stm32g0xx_hal_tim_ex.c.obj
HAL_TIMEx_TISelection                             CMakeFiles/VSC_G071RB.elf.dir/Drivers/Src/stm32g0xx_hal_tim_ex.c.obj
HAL_TIM_Base_DeInit                               CMakeFiles/VSC_G071RB.elf.dir/Drivers/Src/stm32g0xx_hal_tim.c.obj
HAL_TIM_Base_GetState                             CMakeFiles/VSC_G071RB.elf.dir/Drivers/Src/stm32g0xx_hal_tim.c.obj
HAL_TIM_Base_Init                                 CMakeFiles/VSC_G071RB.elf.dir/Drivers/Src/stm32g0xx_hal_tim.c.obj
HAL_TIM_Base_MspDeInit                            CMakeFiles/VSC_G071RB.elf.dir/Drivers/Src/stm32g0xx_hal_tim.c.obj
HAL_TIM_Base_MspInit                              CMakeFiles/VSC_G071RB.elf.dir/Drivers/Src/stm32g0xx_hal_tim.c.obj
HAL_TIM_Base_Start                                CMakeFiles/VSC_G071RB.elf.dir/Drivers/Src/stm32g0xx_hal_tim.c.obj
HAL_TIM_Base_Start_DMA                            CMakeFiles/VSC_G071RB.elf.dir/Drivers/Src/stm32g0xx_hal_tim.c.obj
HAL_TIM_Base_Start_IT                             CMakeFiles/VSC_G071RB.elf.dir/Drivers/Src/stm32g0xx_hal_tim.c.obj
HAL_TIM_Base_Stop                                 CMakeFiles/VSC_G071RB.elf.dir/Drivers/Src/stm32g0xx_hal_tim.c.obj
HAL_TIM_Base_Stop_DMA                             CMakeFiles/VSC_G071RB.elf.dir/Drivers/Src/stm32g0xx_hal_tim.c.obj
HAL_TIM_Base_Stop_IT                              CMakeFiles/VSC_G071RB.elf.dir/Drivers/Src/stm32g0xx_hal_tim.c.obj
HAL_TIM_ConfigClockSource                         CMakeFiles/VSC_G071RB.elf.dir/Drivers/Src/stm32g0xx_hal_tim.c.obj
HAL_TIM_ConfigOCrefClear                          CMakeFiles/VSC_G071RB.elf.dir/Drivers/Src/stm32g0xx_hal_tim.c.obj
HAL_TIM_ConfigTI1Input                            CMakeFiles/VSC_G071RB.elf.dir/Drivers/Src/stm32g0xx_hal_tim.c.obj
HAL_TIM_DMABurstState                             CMakeFiles/VSC_G071RB.elf.dir/Drivers/Src/stm32g0xx_hal_tim.c.obj
HAL_TIM_DMABurst_MultiReadStart                   CMakeFiles/VSC_G071RB.elf.dir/Drivers/Src/stm32g0xx_hal_tim.c.obj
HAL_TIM_DMABurst_MultiWriteStart                  CMakeFiles/VSC_G071RB.elf.dir/Drivers/Src/stm32g0xx_hal_tim.c.obj
HAL_TIM_DMABurst_ReadStart                        CMakeFiles/VSC_G071RB.elf.dir/Drivers/Src/stm32g0xx_hal_tim.c.obj
HAL_TIM_DMABurst_ReadStop                         CMakeFiles/VSC_G071RB.elf.dir/Drivers/Src/stm32g0xx_hal_tim.c.obj
HAL_TIM_DMABurst_WriteStart                       CMakeFiles/VSC_G071RB.elf.dir/Drivers/Src/stm32g0xx_hal_tim.c.obj
HAL_TIM_DMABurst_WriteStop                        CMakeFiles/VSC_G071RB.elf.dir/Drivers/Src/stm32g0xx_hal_tim.c.obj
HAL_TIM_Encoder_DeInit                            CMakeFiles/VSC_G071RB.elf.dir/Drivers/Src/stm32g0xx_hal_tim.c.obj
HAL_TIM_Encoder_GetState                          CMakeFiles/VSC_G071RB.elf.dir/Drivers/Src/stm32g0xx_hal_tim.c.obj
HAL_TIM_Encoder_Init                              CMakeFiles/VSC_G071RB.elf.dir/Drivers/Src/stm32g0xx_hal_tim.c.obj
HAL_TIM_Encoder_MspDeInit                         CMakeFiles/VSC_G071RB.elf.dir/Drivers/Src/stm32g0xx_hal_tim.c.obj
HAL_TIM_Encoder_MspInit                           CMakeFiles/VSC_G071RB.elf.dir/Drivers/Src/stm32g0xx_hal_tim.c.obj
HAL_TIM_Encoder_Start                             CMakeFiles/VSC_G071RB.elf.dir/Drivers/Src/stm32g0xx_hal_tim.c.obj
HAL_TIM_Encoder_Start_DMA                         CMakeFiles/VSC_G071RB.elf.dir/Drivers/Src/stm32g0xx_hal_tim.c.obj
HAL_TIM_Encoder_Start_IT                          CMakeFiles/VSC_G071RB.elf.dir/Drivers/Src/stm32g0xx_hal_tim.c.obj
HAL_TIM_Encoder_Stop                              CMakeFiles/VSC_G071RB.elf.dir/Drivers/Src/stm32g0xx_hal_tim.c.obj
HAL_TIM_Encoder_Stop_DMA                          CMakeFiles/VSC_G071RB.elf.dir/Drivers/Src/stm32g0xx_hal_tim.c.obj
HAL_TIM_Encoder_Stop_IT                           CMakeFiles/VSC_G071RB.elf.dir/Drivers/Src/stm32g0xx_hal_tim.c.obj
HAL_TIM_ErrorCallback                             CMakeFiles/VSC_G071RB.elf.dir/Drivers/Src/stm32g0xx_hal_tim.c.obj
                                                  CMakeFiles/VSC_G071RB.elf.dir/Drivers/Src/stm32g0xx_hal_tim_ex.c.obj
HAL_TIM_GenerateEvent                             CMakeFiles/VSC_G071RB.elf.dir/Drivers/Src/stm32g0xx_hal_tim.c.obj
HAL_TIM_GetActiveChannel                          CMakeFiles/VSC_G071RB.elf.dir/Drivers/Src/stm32g0xx_hal_tim.c.obj
HAL_TIM_GetChannelState                           CMakeFiles/VSC_G071RB.elf.dir/Drivers/Src/stm32g0xx_hal_tim.c.obj
HAL_TIM_IC_CaptureCallback                        CMakeFiles/VSC_G071RB.elf.dir/Drivers/Src/stm32g0xx_hal_tim.c.obj
HAL_TIM_IC_CaptureHalfCpltCallback                CMakeFiles/VSC_G071RB.elf.dir/Drivers/Src/stm32g0xx_hal_tim.c.obj
HAL_TIM_IC_ConfigChannel                          CMakeFiles/VSC_G071RB.elf.dir/Drivers/Src/stm32g0xx_hal_tim.c.obj
HAL_TIM_IC_DeInit                                 CMakeFiles/VSC_G071RB.elf.dir/Drivers/Src/stm32g0xx_hal_tim.c.obj
HAL_TIM_IC_GetState                               CMakeFiles/VSC_G071RB.elf.dir/Drivers/Src/stm32g0xx_hal_tim.c.obj
HAL_TIM_IC_Init                                   CMakeFiles/VSC_G071RB.elf.dir/Drivers/Src/stm32g0xx_hal_tim.c.obj
HAL_TIM_IC_MspDeInit                              CMakeFiles/VSC_G071RB.elf.dir/Drivers/Src/stm32g0xx_hal_tim.c.obj
HAL_TIM_IC_MspInit                                CMakeFiles/VSC_G071RB.elf.dir/Drivers/Src/stm32g0xx_hal_tim.c.obj
HAL_TIM_IC_Start                                  CMakeFiles/VSC_G071RB.elf.dir/Drivers/Src/stm32g0xx_hal_tim.c.obj
HAL_TIM_IC_Start_DMA                              CMakeFiles/VSC_G071RB.elf.dir/Drivers/Src/stm32g0xx_hal_tim.c.obj
HAL_TIM_IC_Start_IT                               CMakeFiles/VSC_G071RB.elf.dir/Drivers/Src/stm32g0xx_hal_tim.c.obj
HAL_TIM_IC_Stop                                   CMakeFiles/VSC_G071RB.elf.dir/Drivers/Src/stm32g0xx_hal_tim.c.obj
HAL_TIM_IC_Stop_DMA                               CMakeFiles/VSC_G071RB.elf.dir/Drivers/Src/stm32g0xx_hal_tim.c.obj
HAL_TIM_IC_Stop_IT                                CMakeFiles/VSC_G071RB.elf.dir/Drivers/Src/stm32g0xx_hal_tim.c.obj
HAL_TIM_IRQHandler                                CMakeFiles/VSC_G071RB.elf.dir/Drivers/Src/stm32g0xx_hal_tim.c.obj
HAL_TIM_OC_ConfigChannel                          CMakeFiles/VSC_G071RB.elf.dir/Drivers/Src/stm32g0xx_hal_tim.c.obj
HAL_TIM_OC_DeInit                                 CMakeFiles/VSC_G071RB.elf.dir/Drivers/Src/stm32g0xx_hal_tim.c.obj
HAL_TIM_OC_DelayElapsedCallback                   CMakeFiles/VSC_G071RB.elf.dir/Drivers/Src/stm32g0xx_hal_tim.c.obj
HAL_TIM_OC_GetState                               CMakeFiles/VSC_G071RB.elf.dir/Drivers/Src/stm32g0xx_hal_tim.c.obj
HAL_TIM_OC_Init                                   CMakeFiles/VSC_G071RB.elf.dir/Drivers/Src/stm32g0xx_hal_tim.c.obj
HAL_TIM_OC_MspDeInit                              CMakeFiles/VSC_G071RB.elf.dir/Drivers/Src/stm32g0xx_hal_tim.c.obj
HAL_TIM_OC_MspInit                                CMakeFiles/VSC_G071RB.elf.dir/Drivers/Src/stm32g0xx_hal_tim.c.obj
HAL_TIM_OC_Start                                  CMakeFiles/VSC_G071RB.elf.dir/Drivers/Src/stm32g0xx_hal_tim.c.obj
HAL_TIM_OC_Start_DMA                              CMakeFiles/VSC_G071RB.elf.dir/Drivers/Src/stm32g0xx_hal_tim.c.obj
HAL_TIM_OC_Start_IT                               CMakeFiles/VSC_G071RB.elf.dir/Drivers/Src/stm32g0xx_hal_tim.c.obj
HAL_TIM_OC_Stop                                   CMakeFiles/VSC_G071RB.elf.dir/Drivers/Src/stm32g0xx_hal_tim.c.obj
HAL_TIM_OC_Stop_DMA                               CMakeFiles/VSC_G071RB.elf.dir/Drivers/Src/stm32g0xx_hal_tim.c.obj
HAL_TIM_OC_Stop_IT                                CMakeFiles/VSC_G071RB.elf.dir/Drivers/Src/stm32g0xx_hal_tim.c.obj
HAL_TIM_OnePulse_ConfigChannel                    CMakeFiles/VSC_G071RB.elf.dir/Drivers/Src/stm32g0xx_hal_tim.c.obj
HAL_TIM_OnePulse_DeInit                           CMakeFiles/VSC_G071RB.elf.dir/Drivers/Src/stm32g0xx_hal_tim.c.obj
HAL_TIM_OnePulse_GetState                         CMakeFiles/VSC_G071RB.elf.dir/Drivers/Src/stm32g0xx_hal_tim.c.obj
HAL_TIM_OnePulse_Init                             CMakeFiles/VSC_G071RB.elf.dir/Drivers/Src/stm32g0xx_hal_tim.c.obj
HAL_TIM_OnePulse_MspDeInit                        CMakeFiles/VSC_G071RB.elf.dir/Drivers/Src/stm32g0xx_hal_tim.c.obj
HAL_TIM_OnePulse_MspInit                          CMakeFiles/VSC_G071RB.elf.dir/Drivers/Src/stm32g0xx_hal_tim.c.obj
HAL_TIM_OnePulse_Start                            CMakeFiles/VSC_G071RB.elf.dir/Drivers/Src/stm32g0xx_hal_tim.c.obj
HAL_TIM_OnePulse_Start_IT                         CMakeFiles/VSC_G071RB.elf.dir/Drivers/Src/stm32g0xx_hal_tim.c.obj
HAL_TIM_OnePulse_Stop                             CMakeFiles/VSC_G071RB.elf.dir/Drivers/Src/stm32g0xx_hal_tim.c.obj
HAL_TIM_OnePulse_Stop_IT                          CMakeFiles/VSC_G071RB.elf.dir/Drivers/Src/stm32g0xx_hal_tim.c.obj
HAL_TIM_PWM_ConfigChannel                         CMakeFiles/VSC_G071RB.elf.dir/Drivers/Src/stm32g0xx_hal_tim.c.obj
HAL_TIM_PWM_DeInit                                CMakeFiles/VSC_G071RB.elf.dir/Drivers/Src/stm32g0xx_hal_tim.c.obj
HAL_TIM_PWM_GetState                              CMakeFiles/VSC_G071RB.elf.dir/Drivers/Src/stm32g0xx_hal_tim.c.obj
HAL_TIM_PWM_Init                                  CMakeFiles/VSC_G071RB.elf.dir/Drivers/Src/stm32g0xx_hal_tim.c.obj
HAL_TIM_PWM_MspDeInit                             CMakeFiles/VSC_G071RB.elf.dir/Drivers/Src/stm32g0xx_hal_tim.c.obj
HAL_TIM_PWM_MspInit                               CMakeFiles/VSC_G071RB.elf.dir/Drivers/Src/stm32g0xx_hal_tim.c.obj
HAL_TIM_PWM_PulseFinishedCallback                 CMakeFiles/VSC_G071RB.elf.dir/Drivers/Src/stm32g0xx_hal_tim.c.obj
                                                  CMakeFiles/VSC_G071RB.elf.dir/Drivers/Src/stm32g0xx_hal_tim_ex.c.obj
HAL_TIM_PWM_PulseFinishedHalfCpltCallback         CMakeFiles/VSC_G071RB.elf.dir/Drivers/Src/stm32g0xx_hal_tim.c.obj
HAL_TIM_PWM_Start                                 CMakeFiles/VSC_G071RB.elf.dir/Drivers/Src/stm32g0xx_hal_tim.c.obj
HAL_TIM_PWM_Start_DMA                             CMakeFiles/VSC_G071RB.elf.dir/Drivers/Src/stm32g0xx_hal_tim.c.obj
HAL_TIM_PWM_Start_IT                              CMakeFiles/VSC_G071RB.elf.dir/Drivers/Src/stm32g0xx_hal_tim.c.obj
HAL_TIM_PWM_Stop                                  CMakeFiles/VSC_G071RB.elf.dir/Drivers/Src/stm32g0xx_hal_tim.c.obj
HAL_TIM_PWM_Stop_DMA                              CMakeFiles/VSC_G071RB.elf.dir/Drivers/Src/stm32g0xx_hal_tim.c.obj
HAL_TIM_PWM_Stop_IT                               CMakeFiles/VSC_G071RB.elf.dir/Drivers/Src/stm32g0xx_hal_tim.c.obj
HAL_TIM_PeriodElapsedCallback                     CMakeFiles/VSC_G071RB.elf.dir/Drivers/Src/stm32g0xx_hal_tim.c.obj
HAL_TIM_PeriodElapsedHalfCpltCallback             CMakeFiles/VSC_G071RB.elf.dir/Drivers/Src/stm32g0xx_hal_tim.c.obj
HAL_TIM_ReadCapturedValue                         CMakeFiles/VSC_G071RB.elf.dir/Drivers/Src/stm32g0xx_hal_tim.c.obj
HAL_TIM_SlaveConfigSynchro                        CMakeFiles/VSC_G071RB.elf.dir/Drivers/Src/stm32g0xx_hal_tim.c.obj
HAL_TIM_SlaveConfigSynchro_IT                     CMakeFiles/VSC_G071RB.elf.dir/Drivers/Src/stm32g0xx_hal_tim.c.obj
HAL_TIM_TriggerCallback                           CMakeFiles/VSC_G071RB.elf.dir/Drivers/Src/stm32g0xx_hal_tim.c.obj
HAL_TIM_TriggerHalfCpltCallback                   CMakeFiles/VSC_G071RB.elf.dir/Drivers/Src/stm32g0xx_hal_tim.c.obj
HardFault_Handler                                 CMakeFiles/VSC_G071RB.elf.dir/Device/stm32g0xx_it.c.obj
I2C1_IRQHandler                                   CMakeFiles/VSC_G071RB.elf.dir/Device/startup_stm32g071xx.s.obj
I2C2_IRQHandler                                   CMakeFiles/VSC_G071RB.elf.dir/Device/startup_stm32g071xx.s.obj
NMI_Handler                                       CMakeFiles/VSC_G071RB.elf.dir/Device/stm32g0xx_it.c.obj
PVD_IRQHandler                                    CMakeFiles/VSC_G071RB.elf.dir/Device/startup_stm32g071xx.s.obj
PendSV_Handler                                    CMakeFiles/VSC_G071RB.elf.dir/Device/stm32g0xx_it.c.obj
RCC_IRQHandler                                    CMakeFiles/VSC_G071RB.elf.dir/Device/startup_stm32g071xx.s.obj
RTC_TAMP_IRQHandler                               CMakeFiles/VSC_G071RB.elf.dir/Device/startup_stm32g071xx.s.obj
Reset_Handler                                     CMakeFiles/VSC_G071RB.elf.dir/Device/startup_stm32g071xx.s.obj
SEGGER_RTT_AllocDownBuffer                        CMakeFiles/VSC_G071RB.elf.dir/Lib/SEGGER_RTT/SEGGER_RTT.c.obj
SEGGER_RTT_AllocUpBuffer                          CMakeFiles/VSC_G071RB.elf.dir/Lib/SEGGER_RTT/SEGGER_RTT.c.obj
SEGGER_RTT_ConfigDownBuffer                       CMakeFiles/VSC_G071RB.elf.dir/Lib/SEGGER_RTT/SEGGER_RTT.c.obj
SEGGER_RTT_ConfigUpBuffer                         CMakeFiles/VSC_G071RB.elf.dir/Lib/SEGGER_RTT/SEGGER_RTT.c.obj
SEGGER_RTT_GetAvailWriteSpace                     CMakeFiles/VSC_G071RB.elf.dir/Lib/SEGGER_RTT/SEGGER_RTT.c.obj
SEGGER_RTT_GetBytesInBuffer                       CMakeFiles/VSC_G071RB.elf.dir/Lib/SEGGER_RTT/SEGGER_RTT.c.obj
SEGGER_RTT_GetKey                                 CMakeFiles/VSC_G071RB.elf.dir/Lib/SEGGER_RTT/SEGGER_RTT.c.obj
SEGGER_RTT_HasData                                CMakeFiles/VSC_G071RB.elf.dir/Lib/SEGGER_RTT/SEGGER_RTT.c.obj
SEGGER_RTT_HasDataUp                              CMakeFiles/VSC_G071RB.elf.dir/Lib/SEGGER_RTT/SEGGER_RTT.c.obj
SEGGER_RTT_HasKey                                 CMakeFiles/VSC_G071RB.elf.dir/Lib/SEGGER_RTT/SEGGER_RTT.c.obj
SEGGER_RTT_Init                                   CMakeFiles/VSC_G071RB.elf.dir/Lib/SEGGER_RTT/SEGGER_RTT.c.obj
                                                  CMakeFiles/VSC_G071RB.elf.dir/main/main.c.obj
SEGGER_RTT_PutChar                                CMakeFiles/VSC_G071RB.elf.dir/Lib/SEGGER_RTT/SEGGER_RTT.c.obj
SEGGER_RTT_PutCharSkip                            CMakeFiles/VSC_G071RB.elf.dir/Lib/SEGGER_RTT/SEGGER_RTT.c.obj
SEGGER_RTT_PutCharSkipNoLock                      CMakeFiles/VSC_G071RB.elf.dir/Lib/SEGGER_RTT/SEGGER_RTT.c.obj
SEGGER_RTT_Read                                   CMakeFiles/VSC_G071RB.elf.dir/Lib/SEGGER_RTT/SEGGER_RTT.c.obj
SEGGER_RTT_ReadNoLock                             CMakeFiles/VSC_G071RB.elf.dir/Lib/SEGGER_RTT/SEGGER_RTT.c.obj
SEGGER_RTT_ReadUpBuffer                           CMakeFiles/VSC_G071RB.elf.dir/Lib/SEGGER_RTT/SEGGER_RTT.c.obj
SEGGER_RTT_ReadUpBufferNoLock                     CMakeFiles/VSC_G071RB.elf.dir/Lib/SEGGER_RTT/SEGGER_RTT.c.obj
SEGGER_RTT_SetFlagsDownBuffer                     CMakeFiles/VSC_G071RB.elf.dir/Lib/SEGGER_RTT/SEGGER_RTT.c.obj
SEGGER_RTT_SetFlagsUpBuffer                       CMakeFiles/VSC_G071RB.elf.dir/Lib/SEGGER_RTT/SEGGER_RTT.c.obj
SEGGER_RTT_SetNameDownBuffer                      CMakeFiles/VSC_G071RB.elf.dir/Lib/SEGGER_RTT/SEGGER_RTT.c.obj
SEGGER_RTT_SetNameUpBuffer                        CMakeFiles/VSC_G071RB.elf.dir/Lib/SEGGER_RTT/SEGGER_RTT.c.obj
SEGGER_RTT_SetTerminal                            CMakeFiles/VSC_G071RB.elf.dir/Lib/SEGGER_RTT/SEGGER_RTT.c.obj
SEGGER_RTT_TerminalOut                            CMakeFiles/VSC_G071RB.elf.dir/Lib/SEGGER_RTT/SEGGER_RTT.c.obj
SEGGER_RTT_WaitKey                                CMakeFiles/VSC_G071RB.elf.dir/Lib/SEGGER_RTT/SEGGER_RTT.c.obj
SEGGER_RTT_Write                                  CMakeFiles/VSC_G071RB.elf.dir/Lib/SEGGER_RTT/SEGGER_RTT.c.obj
                                                  CMakeFiles/VSC_G071RB.elf.dir/Lib/SEGGER_RTT/SEGGER_RTT_Syscalls_GCC.c.obj
                                                  CMakeFiles/VSC_G071RB.elf.dir/Lib/SEGGER_RTT/SEGGER_RTT_printf.c.obj
SEGGER_RTT_WriteDownBuffer                        CMakeFiles/VSC_G071RB.elf.dir/Lib/SEGGER_RTT/SEGGER_RTT.c.obj
SEGGER_RTT_WriteDownBufferNoLock                  CMakeFiles/VSC_G071RB.elf.dir/Lib/SEGGER_RTT/SEGGER_RTT.c.obj
SEGGER_RTT_WriteNoLock                            CMakeFiles/VSC_G071RB.elf.dir/Lib/SEGGER_RTT/SEGGER_RTT.c.obj
SEGGER_RTT_WriteSkipNoLock                        CMakeFiles/VSC_G071RB.elf.dir/Lib/SEGGER_RTT/SEGGER_RTT.c.obj
SEGGER_RTT_WriteString                            CMakeFiles/VSC_G071RB.elf.dir/Lib/SEGGER_RTT/SEGGER_RTT.c.obj
SEGGER_RTT_WriteWithOverwriteNoLock               CMakeFiles/VSC_G071RB.elf.dir/Lib/SEGGER_RTT/SEGGER_RTT.c.obj
SEGGER_RTT_printf                                 CMakeFiles/VSC_G071RB.elf.dir/Lib/SEGGER_RTT/SEGGER_RTT_printf.c.obj
                                                  CMakeFiles/VSC_G071RB.elf.dir/main/main.c.obj
SEGGER_RTT_vprintf                                CMakeFiles/VSC_G071RB.elf.dir/Lib/SEGGER_RTT/SEGGER_RTT_printf.c.obj
SPI1_IRQHandler                                   CMakeFiles/VSC_G071RB.elf.dir/Device/startup_stm32g071xx.s.obj
SPI2_IRQHandler                                   CMakeFiles/VSC_G071RB.elf.dir/Device/startup_stm32g071xx.s.obj
SVC_Handler                                       CMakeFiles/VSC_G071RB.elf.dir/Device/stm32g0xx_it.c.obj
SysTick_Handler                                   CMakeFiles/VSC_G071RB.elf.dir/Device/stm32g0xx_it.c.obj
SystemClock_Config                                CMakeFiles/VSC_G071RB.elf.dir/main/main.c.obj
SystemCoreClock                                   CMakeFiles/VSC_G071RB.elf.dir/Device/system_stm32g0xx.c.obj
                                                  CMakeFiles/VSC_G071RB.elf.dir/Drivers/Src/stm32g0xx_hal_pwr_ex.c.obj
                                                  CMakeFiles/VSC_G071RB.elf.dir/Drivers/Src/stm32g0xx_hal_rcc.c.obj
                                                  CMakeFiles/VSC_G071RB.elf.dir/Drivers/Src/stm32g0xx_hal.c.obj
SystemCoreClockUpdate                             CMakeFiles/VSC_G071RB.elf.dir/Device/system_stm32g0xx.c.obj
SystemInit                                        CMakeFiles/VSC_G071RB.elf.dir/Device/system_stm32g0xx.c.obj
                                                  CMakeFiles/VSC_G071RB.elf.dir/Device/startup_stm32g071xx.s.obj
TIM14_IRQHandler                                  CMakeFiles/VSC_G071RB.elf.dir/Device/startup_stm32g071xx.s.obj
TIM15_IRQHandler                                  CMakeFiles/VSC_G071RB.elf.dir/Device/startup_stm32g071xx.s.obj
TIM16_IRQHandler                                  CMakeFiles/VSC_G071RB.elf.dir/Device/startup_stm32g071xx.s.obj
TIM17_IRQHandler                                  CMakeFiles/VSC_G071RB.elf.dir/Device/startup_stm32g071xx.s.obj
TIM1_BRK_UP_TRG_COM_IRQHandler                    CMakeFiles/VSC_G071RB.elf.dir/Device/startup_stm32g071xx.s.obj
TIM1_CC_IRQHandler                                CMakeFiles/VSC_G071RB.elf.dir/Device/startup_stm32g071xx.s.obj
TIM2_IRQHandler                                   CMakeFiles/VSC_G071RB.elf.dir/Device/startup_stm32g071xx.s.obj
TIM3_IRQHandler                                   CMakeFiles/VSC_G071RB.elf.dir/Device/startup_stm32g071xx.s.obj
TIM6_DAC_LPTIM1_IRQHandler                        CMakeFiles/VSC_G071RB.elf.dir/Device/startup_stm32g071xx.s.obj
TIM7_LPTIM2_IRQHandler                            CMakeFiles/VSC_G071RB.elf.dir/Device/startup_stm32g071xx.s.obj
TIMEx_DMACommutationCplt                          CMakeFiles/VSC_G071RB.elf.dir/Drivers/Src/stm32g0xx_hal_tim_ex.c.obj
                                                  CMakeFiles/VSC_G071RB.elf.dir/Drivers/Src/stm32g0xx_hal_tim.c.obj
TIMEx_DMACommutationHalfCplt                      CMakeFiles/VSC_G071RB.elf.dir/Drivers/Src/stm32g0xx_hal_tim_ex.c.obj
                                                  CMakeFiles/VSC_G071RB.elf.dir/Drivers/Src/stm32g0xx_hal_tim.c.obj
TIM_Base_SetConfig                                CMakeFiles/VSC_G071RB.elf.dir/Drivers/Src/stm32g0xx_hal_tim.c.obj
                                                  CMakeFiles/VSC_G071RB.elf.dir/Drivers/Src/stm32g0xx_hal_tim_ex.c.obj
TIM_CCxChannelCmd                                 CMakeFiles/VSC_G071RB.elf.dir/Drivers/Src/stm32g0xx_hal_tim.c.obj
                                                  CMakeFiles/VSC_G071RB.elf.dir/Drivers/Src/stm32g0xx_hal_tim_ex.c.obj
TIM_DMACaptureCplt                                CMakeFiles/VSC_G071RB.elf.dir/Drivers/Src/stm32g0xx_hal_tim.c.obj
                                                  CMakeFiles/VSC_G071RB.elf.dir/Drivers/Src/stm32g0xx_hal_tim_ex.c.obj
TIM_DMACaptureHalfCplt                            CMakeFiles/VSC_G071RB.elf.dir/Drivers/Src/stm32g0xx_hal_tim.c.obj
                                                  CMakeFiles/VSC_G071RB.elf.dir/Drivers/Src/stm32g0xx_hal_tim_ex.c.obj
TIM_DMADelayPulseHalfCplt                         CMakeFiles/VSC_G071RB.elf.dir/Drivers/Src/stm32g0xx_hal_tim.c.obj
                                                  CMakeFiles/VSC_G071RB.elf.dir/Drivers/Src/stm32g0xx_hal_tim_ex.c.obj
TIM_DMAError                                      CMakeFiles/VSC_G071RB.elf.dir/Drivers/Src/stm32g0xx_hal_tim.c.obj
                                                  CMakeFiles/VSC_G071RB.elf.dir/Drivers/Src/stm32g0xx_hal_tim_ex.c.obj
TIM_ETR_SetConfig                                 CMakeFiles/VSC_G071RB.elf.dir/Drivers/Src/stm32g0xx_hal_tim.c.obj
TIM_OC2_SetConfig                                 CMakeFiles/VSC_G071RB.elf.dir/Drivers/Src/stm32g0xx_hal_tim.c.obj
                                                  CMakeFiles/VSC_G071RB.elf.dir/Drivers/Src/stm32g0xx_hal_tim_ex.c.obj
TIM_TI1_SetConfig                                 CMakeFiles/VSC_G071RB.elf.dir/Drivers/Src/stm32g0xx_hal_tim.c.obj
                                                  CMakeFiles/VSC_G071RB.elf.dir/Drivers/Src/stm32g0xx_hal_tim_ex.c.obj
UCPD1_2_IRQHandler                                CMakeFiles/VSC_G071RB.elf.dir/Device/startup_stm32g071xx.s.obj
USART1_IRQHandler                                 CMakeFiles/VSC_G071RB.elf.dir/Device/startup_stm32g071xx.s.obj
USART2_IRQHandler                                 CMakeFiles/VSC_G071RB.elf.dir/Device/startup_stm32g071xx.s.obj
USART3_4_LPUART1_IRQHandler                       CMakeFiles/VSC_G071RB.elf.dir/Device/startup_stm32g071xx.s.obj
WWDG_IRQHandler                                   CMakeFiles/VSC_G071RB.elf.dir/Device/startup_stm32g071xx.s.obj
_SEGGER_RTT                                       CMakeFiles/VSC_G071RB.elf.dir/Lib/SEGGER_RTT/SEGGER_RTT.c.obj
__aeabi_idiv                                      c:/program files (x86)/gnu arm embedded toolchain/10 2021.10/bin/../lib/gcc/arm-none-eabi/10.3.1/thumb/v6-m/nofp\libgcc.a(_divsi3.o)
                                                  CMakeFiles/VSC_G071RB.elf.dir/Lib/SEGGER_RTT/SEGGER_RTT_printf.c.obj
__aeabi_idiv0                                     c:/program files (x86)/gnu arm embedded toolchain/10 2021.10/bin/../lib/gcc/arm-none-eabi/10.3.1/thumb/v6-m/nofp\libgcc.a(_dvmd_tls.o)
                                                  c:/program files (x86)/gnu arm embedded toolchain/10 2021.10/bin/../lib/gcc/arm-none-eabi/10.3.1/thumb/v6-m/nofp\libgcc.a(_divsi3.o)
                                                  c:/program files (x86)/gnu arm embedded toolchain/10 2021.10/bin/../lib/gcc/arm-none-eabi/10.3.1/thumb/v6-m/nofp\libgcc.a(_udivsi3.o)
__aeabi_idivmod                                   c:/program files (x86)/gnu arm embedded toolchain/10 2021.10/bin/../lib/gcc/arm-none-eabi/10.3.1/thumb/v6-m/nofp\libgcc.a(_divsi3.o)
__aeabi_ldiv0                                     c:/program files (x86)/gnu arm embedded toolchain/10 2021.10/bin/../lib/gcc/arm-none-eabi/10.3.1/thumb/v6-m/nofp\libgcc.a(_dvmd_tls.o)
__aeabi_uidiv                                     c:/program files (x86)/gnu arm embedded toolchain/10 2021.10/bin/../lib/gcc/arm-none-eabi/10.3.1/thumb/v6-m/nofp\libgcc.a(_udivsi3.o)
                                                  CMakeFiles/VSC_G071RB.elf.dir/Lib/SEGGER_RTT/SEGGER_RTT_printf.c.obj
                                                  CMakeFiles/VSC_G071RB.elf.dir/Drivers/Src/stm32g0xx_hal_pwr_ex.c.obj
                                                  CMakeFiles/VSC_G071RB.elf.dir/Drivers/Src/stm32g0xx_hal_dma.c.obj
                                                  CMakeFiles/VSC_G071RB.elf.dir/Drivers/Src/stm32g0xx_hal_rcc_ex.c.obj
                                                  CMakeFiles/VSC_G071RB.elf.dir/Drivers/Src/stm32g0xx_hal_rcc.c.obj
                                                  CMakeFiles/VSC_G071RB.elf.dir/Drivers/Src/stm32g0xx_hal.c.obj
                                                  CMakeFiles/VSC_G071RB.elf.dir/Device/system_stm32g0xx.c.obj
__aeabi_uidivmod                                  c:/program files (x86)/gnu arm embedded toolchain/10 2021.10/bin/../lib/gcc/arm-none-eabi/10.3.1/thumb/v6-m/nofp\libgcc.a(_udivsi3.o)
                                                  CMakeFiles/VSC_G071RB.elf.dir/Lib/SEGGER_RTT/SEGGER_RTT_printf.c.obj
__bss_end__                                       c:/program files (x86)/gnu arm embedded toolchain/10 2021.10/bin/../lib/gcc/arm-none-eabi/10.3.1/../../../../arm-none-eabi/lib/thumb/v6-m/nofp/rdimon-crt0.o
__bss_start__                                     c:/program files (x86)/gnu arm embedded toolchain/10 2021.10/bin/../lib/gcc/arm-none-eabi/10.3.1/../../../../arm-none-eabi/lib/thumb/v6-m/nofp/rdimon-crt0.o
__call_exitprocs                                  c:/program files (x86)/gnu arm embedded toolchain/10 2021.10/bin/../lib/gcc/arm-none-eabi/10.3.1/../../../../arm-none-eabi/lib/thumb/v6-m/nofp\libc_nano.a(lib_a-exit.o)
__deregister_frame_info                           c:/program files (x86)/gnu arm embedded toolchain/10 2021.10/bin/../lib/gcc/arm-none-eabi/10.3.1/thumb/v6-m/nofp/crtbegin.o